Component: Arm Compiler for Embedded 6.22 Tool: armlink [5ee90200]

==============================================================================

Section Cross References

    startup_stm32h743xx.o(STACK) refers (Special) to heapauxi.o(.text) for __use_two_region_memory
    startup_stm32h743xx.o(HEAP) refers (Special) to heapauxi.o(.text) for __use_two_region_memory
    startup_stm32h743xx.o(RESET) refers (Special) to heapauxi.o(.text) for __use_two_region_memory
    startup_stm32h743xx.o(RESET) refers to startup_stm32h743xx.o(STACK) for __initial_sp
    startup_stm32h743xx.o(RESET) refers to startup_stm32h743xx.o(.text) for Reset_Handler
    startup_stm32h743xx.o(RESET) refers to stm32h7xx_it.o(.text.NMI_Handler) for NMI_Handler
    startup_stm32h743xx.o(RESET) refers to stm32h7xx_it.o(.text.HardFault_Handler) for HardFault_Handler
    startup_stm32h743xx.o(RESET) refers to stm32h7xx_it.o(.text.MemManage_Handler) for MemManage_Handler
    startup_stm32h743xx.o(RESET) refers to stm32h7xx_it.o(.text.BusFault_Handler) for BusFault_Handler
    startup_stm32h743xx.o(RESET) refers to stm32h7xx_it.o(.text.UsageFault_Handler) for UsageFault_Handler
    startup_stm32h743xx.o(RESET) refers to stm32h7xx_it.o(.text.SVC_Handler) for SVC_Handler
    startup_stm32h743xx.o(RESET) refers to stm32h7xx_it.o(.text.DebugMon_Handler) for DebugMon_Handler
    startup_stm32h743xx.o(RESET) refers to stm32h7xx_it.o(.text.PendSV_Handler) for PendSV_Handler
    startup_stm32h743xx.o(RESET) refers to stm32h7xx_it.o(.text.SysTick_Handler) for SysTick_Handler
    startup_stm32h743xx.o(RESET) refers to stm32h7xx_it.o(.text.USART1_IRQHandler) for USART1_IRQHandler
    startup_stm32h743xx.o(RESET) refers to stm32h7xx_it.o(.text.USART2_IRQHandler) for USART2_IRQHandler
    startup_stm32h743xx.o(RESET) refers to stm32h7xx_it.o(.text.USART3_IRQHandler) for USART3_IRQHandler
    startup_stm32h743xx.o(RESET) refers to stm32h7xx_it.o(.text.TIM6_DAC_IRQHandler) for TIM6_DAC_IRQHandler
    startup_stm32h743xx.o(RESET) refers to stm32h7xx_it.o(.text.UART7_IRQHandler) for UART7_IRQHandler
    startup_stm32h743xx.o(.text) refers (Special) to heapauxi.o(.text) for __use_two_region_memory
    startup_stm32h743xx.o(.text) refers to system_stm32h7xx.o(.text.SystemInit) for SystemInit
    startup_stm32h743xx.o(.text) refers to __main.o(!!!main) for __main
    startup_stm32h743xx.o(.text) refers to startup_stm32h743xx.o(HEAP) for Heap_Mem
    startup_stm32h743xx.o(.text) refers to startup_stm32h743xx.o(STACK) for Stack_Mem
    ads7951.o(.text.ADS7951_Init) refers to stm32h7xx_hal_gpio.o(.text.HAL_GPIO_WritePin) for HAL_GPIO_WritePin
    ads7951.o(.ARM.exidx.text.ADS7951_Init) refers to ads7951.o(.text.ADS7951_Init) for [Anonymous Symbol]
    ads7951.o(.text.ADS7951_ReadRaw) refers to stm32h7xx_hal_gpio.o(.text.HAL_GPIO_WritePin) for HAL_GPIO_WritePin
    ads7951.o(.text.ADS7951_ReadRaw) refers to spi.o(.bss.hspi3) for hspi3
    ads7951.o(.text.ADS7951_ReadRaw) refers to stm32h7xx_hal_spi.o(.text.HAL_SPI_TransmitReceive) for HAL_SPI_TransmitReceive
    ads7951.o(.ARM.exidx.text.ADS7951_ReadRaw) refers to ads7951.o(.text.ADS7951_ReadRaw) for [Anonymous Symbol]
    ads7951.o(.text.ADS7951_U6_ReadChannel) refers to ads7951.o(.text.ADS7951_ReadRaw) for ADS7951_ReadRaw
    ads7951.o(.ARM.exidx.text.ADS7951_U6_ReadChannel) refers to ads7951.o(.text.ADS7951_U6_ReadChannel) for [Anonymous Symbol]
    ads7951.o(.text.ADS7951_U8_ReadChannel) refers to ads7951.o(.text.ADS7951_ReadRaw) for ADS7951_ReadRaw
    ads7951.o(.ARM.exidx.text.ADS7951_U8_ReadChannel) refers to ads7951.o(.text.ADS7951_U8_ReadChannel) for [Anonymous Symbol]
    ads7951.o(.text.ADS7951_U6_ReadAll) refers to ads7951.o(.text.ADS7951_ReadAll) for ADS7951_ReadAll
    ads7951.o(.ARM.exidx.text.ADS7951_U6_ReadAll) refers to ads7951.o(.text.ADS7951_U6_ReadAll) for [Anonymous Symbol]
    ads7951.o(.text.ADS7951_ReadAll) refers to ads7951.o(.text.ADS7951_ReadRaw) for ADS7951_ReadRaw
    ads7951.o(.ARM.exidx.text.ADS7951_ReadAll) refers to ads7951.o(.text.ADS7951_ReadAll) for [Anonymous Symbol]
    ads7951.o(.text.ADS7951_U8_ReadAll) refers to ads7951.o(.text.ADS7951_ReadAll) for ADS7951_ReadAll
    ads7951.o(.ARM.exidx.text.ADS7951_U8_ReadAll) refers to ads7951.o(.text.ADS7951_U8_ReadAll) for [Anonymous Symbol]
    ads7951.o(.text.ADS7951_Read_Channel) refers to ads7951.o(.text.ADS7951_ReadRaw) for ADS7951_ReadRaw
    ads7951.o(.ARM.exidx.text.ADS7951_Read_Channel) refers to ads7951.o(.text.ADS7951_Read_Channel) for [Anonymous Symbol]
    ssi422.o(.text.SSI422_SetEncoderMode) refers to ssi422.o(.rodata.ssi422_config) for ssi422_config
    ssi422.o(.text.SSI422_SetEncoderMode) refers to stm32h7xx_hal_gpio.o(.text.HAL_GPIO_WritePin) for HAL_GPIO_WritePin
    ssi422.o(.ARM.exidx.text.SSI422_SetEncoderMode) refers to ssi422.o(.text.SSI422_SetEncoderMode) for [Anonymous Symbol]
    ssi422.o(.text.SSI422_SetListenMode) refers to ssi422.o(.rodata.ssi422_config) for ssi422_config
[...]
    [Anonymous Symbol]                       0x080068c0   Section        0  stm32h7xx_it.o(.text.UART7_IRQHandler)
    [Anonymous Symbol]                       0x080068d0   Section        0  stm32h7xx_hal_uart.o(.text.UART_AdvFeatureConfig)
    [Anonymous Symbol]                       0x080069b0   Section        0  stm32h7xx_hal_uart.o(.text.UART_CheckIdleState)
    UART_DMAAbortOnError                     0x08006a99   Thumb Code    16  stm32h7xx_hal_uart.o(.text.UART_DMAAbortOnError)
    [Anonymous Symbol]                       0x08006a98   Section        0  stm32h7xx_hal_uart.o(.text.UART_DMAAbortOnError)
    UART_DMARxOnlyAbortCallback              0x08006aa9   Thumb Code    32  stm32h7xx_hal_uart.o(.text.UART_DMARxOnlyAbortCallback)
    [Anonymous Symbol]                       0x08006aa8   Section        0  stm32h7xx_hal_uart.o(.text.UART_DMARxOnlyAbortCallback)
    UART_RxISR_16BIT                         0x08006ac9   Thumb Code    90  stm32h7xx_hal_uart.o(.text.UART_RxISR_16BIT)
    [Anonymous Symbol]                       0x08006ac8   Section        0  stm32h7xx_hal_uart.o(.text.UART_RxISR_16BIT)
    UART_RxISR_16BIT_FIFOEN                  0x08006b29   Thumb Code   168  stm32h7xx_hal_uart.o(.text.UART_RxISR_16BIT_FIFOEN)
    [Anonymous Symbol]                       0x08006b28   Section        0  stm32h7xx_hal_uart.o(.text.UART_RxISR_16BIT_FIFOEN)
    UART_RxISR_8BIT                          0x08006bd1   Thumb Code    90  stm32h7xx_hal_uart.o(.text.UART_RxISR_8BIT)
    [Anonymous Symbol]                       0x08006bd0   Section        0  stm32h7xx_hal_uart.o(.text.UART_RxISR_8BIT)
    UART_RxISR_8BIT_FIFOEN                   0x08006c31   Thumb Code   172  stm32h7xx_hal_uart.o(.text.UART_RxISR_8BIT_FIFOEN)
    [Anonymous Symbol]                       0x08006c30   Section        0  stm32h7xx_hal_uart.o(.text.UART_RxISR_8BIT_FIFOEN)
    [Anonymous Symbol]                       0x08006ce0   Section        0  stm32h7xx_hal_uart.o(.text.UART_SetConfig)
    UART_TxISR_16BIT                         0x08007159   Thumb Code    64  stm32h7xx_hal_uart.o(.text.UART_TxISR_16BIT)
    [Anonymous Symbol]                       0x08007158   Section        0  stm32h7xx_hal_uart.o(.text.UART_TxISR_16BIT)
    UART_TxISR_16BIT_FIFOEN                  0x08007199   Thumb Code   102  stm32h7xx_hal_uart.o(.text.UART_TxISR_16BIT_FIFOEN)
    [Anonymous Symbol]                       0x08007198   Section        0  stm32h7xx_hal_uart.o(.text.UART_TxISR_16BIT_FIFOEN)
    UART_TxISR_8BIT                          0x08007201   Thumb Code    60  stm32h7xx_hal_uart.o(.text.UART_TxISR_8BIT)
    [Anonymous Symbol]                       0x08007200   Section        0  stm32h7xx_hal_uart.o(.text.UART_TxISR_8BIT)
    UART_TxISR_8BIT_FIFOEN                   0x08007241   Thumb Code    98  stm32h7xx_hal_uart.o(.text.UART_TxISR_8BIT_FIFOEN)
    [Anonymous Symbol]                       0x08007240   Section        0  stm32h7xx_hal_uart.o(.text.UART_TxISR_8BIT_FIFOEN)
    [Anonymous Symbol]                       0x080072a8   Section        0  stm32h7xx_hal_uart.o(.text.UART_WaitOnFlagUntilTimeout)
    [Anonymous Symbol]                       0x080073a0   Section        0  stm32h7xx_it.o(.text.USART1_IRQHandler)
    [Anonymous Symbol]                       0x080073b0   Section        0  stm32h7xx_it.o(.text.USART2_IRQHandler)
    [Anonymous Symbol]                       0x080073c0   Section        0  stm32h7xx_it.o(.text.USART3_IRQHandler)
    [Anonymous Symbol]                       0x080073d0   Section        0  stm32h7xx_it.o(.text.UsageFault_Handler)
    [Anonymous Symbol]                       0x080073d8   Section        0  main.o(.text.main)
    $v0                                      0x0800756e   Number         0  fpinit.o(x$fpl$fpinit)
    x$fpl$fpinit                             0x0800756e   Section       26  fpinit.o(x$fpl$fpinit)
    .Lswitch.table.UART_SetConfig.5          0x08007588   Data           6  stm32h7xx_hal_uart.o(.rodata..Lswitch.table.UART_SetConfig.5)
    .Lswitch.table.UART_SetConfig.7          0x0800758e   Data           6  stm32h7xx_hal_uart.o(.rodata..Lswitch.table.UART_SetConfig.7)
    .L__const.UARTEx_SetNbDataToProcess.numerator 0x080075bc   Data           8  stm32h7xx_hal_uart_ex.o(.rodata.cst8)
    .L__const.UARTEx_SetNbDataToProcess.denominator 0x080075c4   Data           8  stm32h7xx_hal_uart_ex.o(.rodata.cst8)
    rs422_config                             0x080075cc   Data          32  rs422.o(.rodata.rs422_config)
    [Anonymous Symbol]                       0x080075cc   Section        0  rs422.o(.rodata.rs422_config)
    ssi422_config                            0x080075ec   Data          40  ssi422.o(.rodata.ssi422_config)
    [Anonymous Symbol]                       0x080075ec   Section        0  ssi422.o(.rodata.ssi422_config)
    .L_MergedGlobals                         0x24000000   Data          20  host_comm.o(.data..L_MergedGlobals)
    [Anonymous Symbol]                       0x24000000   Section        0  host_comm.o(.data..L_MergedGlobals)
    .L_MergedGlobals                         0x24000014   Data           8  stm32h7xx_hal.o(.data..L_MergedGlobals)
    [Anonymous Symbol]                       0x24000014   Section        0  stm32h7xx_hal.o(.data..L_MergedGlobals)
    .L_MergedGlobals                         0x2400001c   Data           8  system_stm32h7xx.o(.data..L_MergedGlobals)
    [Anonymous Symbol]                       0x2400001c   Section        0  system_stm32h7xx.o(.data..L_MergedGlobals)
    .bss                                     0x24000028   Section       96  libspace.o(.bss)
    .L_MergedGlobals                         0x24000088   Data         120  rs422.o(.bss..L_MergedGlobals)
    [Anonymous Symbol]                       0x24000088   Section        0  rs422.o(.bss..L_MergedGlobals)
    rs422_state                              0x240000e8   Data          24  rs422.o(.bss..L_MergedGlobals)
    .L_MergedGlobals                         0x24000100   Data          48  rs422_protocol.o(.bss..L_MergedGlobals)
    [Anonymous Symbol]                       0x24000100   Section        0  rs422_protocol.o(.bss..L_MergedGlobals)
    .L_MergedGlobals                         0x24000130   Data          48  main.o(.bss..L_MergedGlobals)
    [Anonymous Symbol]                       0x24000130   Section        0  main.o(.bss..L_MergedGlobals)
    .L_MergedGlobals.4                       0x24000160   Data          60  host_comm.o(.bss..L_MergedGlobals.4)
    [Anonymous Symbol]                       0x24000160   Section        0  host_comm.o(.bss..L_MergedGlobals.4)
    host_comm_frame_pending                  0x24000167   Data           1  host_comm.o(.bss..L_MergedGlobals.4)
    host_comm_stats_upload_pending           0x24000168   Data           1  host_comm.o(.bss..L_MergedGlobals.4)
    host_comm_last_rs422_test_tick           0x24000194   Data           4  host_comm.o(.bss..L_MergedGlobals.4)
    HostComm_Poll.last_upload_tick           0x24000198   Data           4  host_comm.o(.bss..L_MergedGlobals.4)
    host_comm_ctx                            0x2400019c   Data        1028  host_comm.o(.bss.host_comm_ctx)
    [Anonymous Symbol]                       0x2400019c   Section        0  host_comm.o(.bss.host_comm_ctx)
    host_comm_pending_frame                  0x240005a0   Data        1022  host_comm.o(.bss.host_comm_pending_frame)
    [Anonymous Symbol]                       0x240005a0   Section        0  host_comm.o(.bss.host_comm_pending_frame)
    host_comm_rs422_packet                   0x240009a0   Data         266  host_comm.o(.bss.host_comm_rs422_packet)
    [Anonymous Symbol]                       0x240009a0   Section        0  host_comm.o(.bss.host_comm_rs422_packet)
    host_comm_rs422_test_data                0x24000aaa   Data         128  host_comm.o(.bss.host_comm_rs422_test_data)
    [Anonymous Symbol]                       0x24000aaa   Section        0  host_comm.o(.bss.host_comm_rs422_test_data)
    rs422_protocol_parser                    0x24000f40   Data         276  rs422_protocol.o(.bss.rs422_protocol_parser)
    [Anonymous Symbol]                       0x24000f40   Section        0  rs422_protocol.o(.bss.rs422_protocol_parser)
    rs422_rx_buffer                          0x24001054   Data        1024  rs422.o(.bss.rs422_rx_buffer)
    [Anonymous Symbol]                       0x24001054   Section        0  rs422.o(.bss.rs422_rx_buffer)
    rs422_tx_buffer                          0x24001454   Data        1024  rs422.o(.bss.rs422_tx_buffer)
    [Anonymous Symbol]                       0x24001454   Section        0  rs422.o(.bss.rs422_tx_buffer)
    Heap_Mem                                 0x24001858   Data         512  startup_stm32h743xx.o(HEAP)
    HEAP                                     0x24001858   Section      512  startup_stm32h743xx.o(HEAP)
    Stack_Mem                                0x24001a58   Data        1024  startup_stm32h743xx.o(STACK)
    STACK                                    0x24001a58   Section     1024  startup_stm32h743xx.o(STACK)
    __initial_sp                             0x24001e58   Data           0  startup_stm32h743xx.o(STACK)

    Global Symbols

    Symbol Name                              Value     Ov Type        Size  Object(Section)

    BuildAttributes$$THM_ISAv4$E$P$D$K$B$S$7EM$VFPv5_D16$PE$PLD8$A:L22UL41UL21$X:L11$S22US41US21$IEEE1$IW$~IW$USESV6$~STKCKD$USESV7$~SHL$OTIME$ROPI$EBA8$UX$STANDARDLIB$REQ8$PRES8$EABIv2 0x00000000   Number         0  anon$$obj.o ABSOLUTE
    __ARM_exceptions_init                     - Undefined Weak Reference
    __alloca_initialize                       - Undefined Weak Reference
    __arm_preinit_                            - Undefined Weak Reference
    __arm_relocate_pie_                       - Undefined Weak Reference
    __cpp_initialize__aeabi_                  - Undefined Weak Reference
    __cxa_finalize                            - Undefined Weak Reference
    __rt_locale                               - Undefined Weak Reference
    __sigvec_lookup                           - Undefined Weak Reference
    _atexit_init                              - Undefined Weak Reference
    _call_atexit_fns                          - Undefined Weak Reference
    _clock_init                               - Undefined Weak Reference
    _fp_trap_init                             - Undefined Weak Reference
    _fp_trap_shutdown                         - Undefined Weak Reference
    _get_lc_collate                           - Undefined Weak Reference
    _get_lc_ctype                             - Undefined Weak Reference
    _get_lc_monetary                          - Undefined Weak Reference
    _get_lc_numeric                           - Undefined Weak Reference
    _get_lc_time                              - Undefined Weak Reference
    _getenv_init                              - Undefined Weak Reference
    _handle_redirection                       - Undefined Weak Reference
    _init_alloc                               - Undefined Weak Reference
    _init_user_alloc                          - Undefined Weak Reference
    _initio                                   - Undefined Weak Reference
    _rand_init                                - Undefined Weak Reference
    _signal_finish                            - Undefined Weak Reference
    _signal_init                              - Undefined Weak Reference
    _terminate_alloc                          - Undefined Weak Reference
    _terminate_user_alloc                     - Undefined Weak Reference
    _terminateio                              - Undefined Weak Reference
    __Vectors_Size                           0x00000298   Number         0  startup_stm32h743xx.o ABSOLUTE
    __Vectors                                0x08000000   Data           4  startup_stm32h743xx.o(RESET)
    __Vectors_End                            0x08000298   Data           0  startup_stm32h743xx.o(RESET)
    __main                                   0x08000299   Thumb Code     8  __main.o(!!!main)
    __scatterload                            0x080002a1   Thumb Code     0  __scatter.o(!!!scatter)
    __scatterload_rt2                        0x080002a1   Thumb Code    84  __scatter.o(!!!scatter)
    __scatterload_rt2_thumb_only             0x080002a1   Thumb Code     0  __scatter.o(!!!scatter)
    __scatterload_loop                       0x080002ab   Thumb Code     0  __scatter.o(!!!scatter)
    __scatterload_copy                       0x080002fd   Thumb Code    26  __scatter_copy.o(!!handler_copy)
    __scatterload_null                       0x08000319   Thumb Code     2  __scatter.o(!!handler_null)
    __scatterload_zeroinit                   0x0800031d   Thumb Code    28  __scatter_zi.o(!!handler_zi)
    __rt_lib_init                            0x08000339   Thumb Code     0  libinit.o(.ARM.Collect$$libinit$$00000000)
    __rt_lib_init_fp_1                       0x0800033b   Thumb Code     0  libinit2.o(.ARM.Collect$$libinit$$00000001)
    __rt_lib_init_alloca_1                   0x0800033f   Thumb Code     0  libinit2.o(.ARM.Collect$$libinit$$00000030)
    __rt_lib_init_argv_1                     0x0800033f   Thumb Code     0  libinit2.o(.ARM.Collect$$libinit$$0000002E)
    __rt_lib_init_atexit_1                   0x0800033f   Thumb Code     0  libinit2.o(.ARM.Collect$$libinit$$0000001D)
    __rt_lib_init_clock_1                    0x0800033f   Thumb Code     0  libinit2.o(.ARM.Collect$$libinit$$00000023)
    __rt_lib_init_cpp_1                      0x0800033f   Thumb Code     0  libinit2.o(.ARM.Collect$$libinit$$00000034)
    __rt_lib_init_exceptions_1               0x0800033f   Thumb Code     0  libinit2.o(.ARM.Collect$$libinit$$00000032)
    __rt_lib_init_fp_trap_1                  0x0800033f   Thumb Code     0  libinit2.o(.ARM.Collect$$libinit$$00000021)
    __rt_lib_init_getenv_1                   0x0800033f   Thumb Code     0  libinit2.o(.ARM.Collect$$libinit$$00000025)
    __rt_lib_init_heap_1                     0x0800033f   Thumb Code     0  libinit2.o(.ARM.Collect$$libinit$$0000000C)
    __rt_lib_init_lc_collate_1               0x0800033f   Thumb Code     0  libinit2.o(.ARM.Collect$$libinit$$00000013)
    __rt_lib_init_lc_ctype_1                 0x0800033f   Thumb Code     0  libinit2.o(.ARM.Collect$$libinit$$00000015)
    __rt_lib_init_lc_monetary_1              0x0800033f   Thumb Code     0  libinit2.o(.ARM.Collect$$libinit$$00000017)
    __rt_lib_init_lc_numeric_1               0x0800033f   Thumb Code     0  libinit2.o(.ARM.Collect$$libinit$$00000019)
    __rt_lib_init_lc_time_1                  0x0800033f   Thumb Code     0  libinit2.o(.ARM.Collect$$libinit$$0000001B)
    __rt_lib_init_preinit_1                  0x0800033f   Thumb Code     0  libinit2.o(.ARM.Collect$$libinit$$00000006)
    __rt_lib_init_rand_1                     0x0800033f   Thumb Code     0  libinit2.o(.ARM.Collect$$libinit$$00000010)
    __rt_lib_init_relocate_pie_1             0x0800033f   Thumb Code     0  libinit2.o(.ARM.Collect$$libinit$$00000004)
    __rt_lib_init_return                     0x0800033f   Thumb Code     0  libinit2.o(.ARM.Collect$$libinit$$00000035)
    __rt_lib_init_signal_1                   0x0800033f   Thumb Code     0  libinit2.o(.ARM.Collect$$libinit$$0000001F)
    __rt_lib_init_stdio_1                    0x0800033f   Thumb Code     0  libinit2.o(.ARM.Collect$$libinit$$00000027)
    __rt_lib_init_user_alloc_1               0x0800033f   Thumb Code     0  libinit2.o(.ARM.Collect$$libinit$$0000000E)
    __rt_lib_shutdown                        0x08000341   Thumb Code     0  libshutdown.o(.ARM.Collect$$libshutdown$$00000000)
    __rt_lib_shutdown_cpp_1                  0x08000343   Thumb Code     0  libshutdown2.o(.ARM.Collect$$libshutdown$$00000002)
    __rt_lib_shutdown_fp_trap_1              0x08000343   Thumb Code     0  libshutdown2.o(.ARM.Collect$$libshutdown$$00000007)
    __rt_lib_shutdown_heap_1                 0x08000343   Thumb Code     0  libshutdown2.o(.ARM.Collect$$libshutdown$$0000000F)
    __rt_lib_shutdown_return                 0x08000343   Thumb Code     0  libshutdown2.o(.ARM.Collect$$libshutdown$$00000010)
    __rt_lib_shutdown_signal_1               0x08000343   Thumb Code     0  libshutdown2.o(.ARM.Collect$$libshutdown$$0000000A)
    __rt_lib_shutdown_stdio_1                0x08000343   Thumb Code     0  libshutdown2.o(.ARM.Collect$$libshutdown$$00000004)
    __rt_lib_shutdown_user_alloc_1           0x08000343   Thumb Code     0  libshutdown2.o(.ARM.Collect$$libshutdown$$0000000C)
    __rt_entry                               0x08000345   Thumb Code     0  __rtentry.o(.ARM.Collect$$rtentry$$00000000)
    __rt_entry_presh_1                       0x08000345   Thumb Code     0  __rtentry2.o(.ARM.Collect$$rtentry$$00000002)
    __rt_entry_sh                            0x08000345   Thumb Code     0  __rtentry4.o(.ARM.Collect$$rtentry$$00000004)
    __rt_entry_li                            0x0800034b   Thumb Code     0  __rtentry2.o(.ARM.Collect$$rtentry$$0000000A)
    __rt_entry_postsh_1                      0x0800034b   Thumb Code     0  __rtentry2.o(.ARM.Collect$$rtentry$$00000009)
    __rt_entry_main                          0x0800034f   Thumb Code     0  __rtentry2.o(.ARM.Collect$$rtentry$$0000000D)
    __rt_entry_postli_1                      0x0800034f   Thumb Code     0  __rtentry2.o(.ARM.Collect$$rtentry$$0000000C)
    __rt_exit                                0x08000357   Thumb Code     0  rtexit.o(.ARM.Collect$$rtexit$$00000000)
    __rt_exit_ls                             0x08000359   Thumb Code     0  rtexit2.o(.ARM.Collect$$rtexit$$00000003)
    __rt_exit_prels_1                        0x08000359   Thumb Code     0  rtexit2.o(.ARM.Collect$$rtexit$$00000002)
    __rt_exit_exit                           0x0800035d   Thumb Code     0  rtexit2.o(.ARM.Collect$$rtexit$$00000004)
    Reset_Handler                            0x08000365   Thumb Code     8  startup_stm32h743xx.o(.text)
    ADC3_IRQHandler                          0x0800037f   Thumb Code     0  startup_stm32h743xx.o(.text)
    ADC_IRQHandler                           0x0800037f   Thumb Code     0  startup_stm32h743xx.o(.text)
    BDMA_Channel0_IRQHandler                 0x0800037f   Thumb Code     0  startup_stm32h743xx.o(.text)
    BDMA_Channel1_IRQHandler                 0x0800037f   Thumb Code     0  startup_stm32h743xx.o(.text)
    BDMA_Channel2_IRQHandler                 0x0800037f   Thumb Code     0  startup_stm32h743xx.o(.text)
    BDMA_Channel3_IRQHandler                 0x0800037f   Thumb Code     0  startup_stm32h743xx.o(.text)
    BDMA_Channel4_IRQHandler                 0x0800037f   Thumb Code     0  startup_stm32h743xx.o(.text)
    BDMA_Channel5_IRQHandler                 0x0800037f   Thumb Code     0  startup_stm32h743xx.o(.text)
    BDMA_Channel6_IRQHandler                 0x0800037f   Thumb Code     0  startup_stm32h743xx.o(.text)
    BDMA_Channel7_IRQHandler                 0x0800037f   Thumb Code     0  startup_stm32h743xx.o(.text)
    CEC_IRQHandler                           0x0800037f   Thumb Code     0  startup_stm32h743xx.o(.text)
    COMP1_IRQHandler                         0x0800037f   Thumb Code     0  startup_stm32h743xx.o(.text)
    CRS_IRQHandler                           0x0800037f   Thumb Code     0  startup_stm32h743xx.o(.text)
    DCMI_IRQHandler                          0x0800037f   Thumb Code     0  startup_stm32h743xx.o(.text)
    DFSDM1_FLT0_IRQHandler                   0x0800037f   Thumb Code     0  startup_stm32h743xx.o(.text)
    DFSDM1_FLT1_IRQHandler                   0x0800037f   Thumb Code     0  startup_stm32h743xx.o(.text)
    DFSDM1_FLT2_IRQHandler                   0x0800037f   Thumb Code     0  startup_stm32h743xx.o(.text)
    DFSDM1_FLT3_IRQHandler                   0x0800037f   Thumb Code     0  startup_stm32h743xx.o(.text)
    DMA1_Stream0_IRQHandler                  0x0800037f   Thumb Code     0  startup_stm32h743xx.o(.text)
    DMA1_Stream1_IRQHandler                  0x0800037f   Thumb Code     0  startup_stm32h743xx.o(.text)
    DMA1_Stream2_IRQHandler                  0x0800037f   Thumb Code     0  startup_stm32h743xx.o(.text)
    DMA1_Stream3_IRQHandler                  0x0800037f   Thumb Code     0  startup_stm32h743xx.o(.text)
    DMA1_Stream4_IRQHandler                  0x0800037f   Thumb Code     0  startup_stm32h743xx.o(.text)
    DMA1_Stream5_IRQHandler                  0x0800037f   Thumb Code     0  startup_stm32h743xx.o(.text)
    DMA1_Stream6_IRQHandler                  0x0800037f   Thumb Code     0  startup_stm32h743xx.o(.text)
    DMA1_Stream7_IRQHandler                  0x0800037f   Thumb Code     0  startup_stm32h743xx.o(.text)
    DMA2D_IRQHandler                         0x0800037f   Thumb Code     0  startup_stm32h743xx.o(.text)
    DMA2_Stream0_IRQHandler                  0x0800037f   Thumb Code     0  startup_stm32h743xx.o(.text)
    DMA2_Stream1_IRQHandler                  0x0800037f   Thumb Code     0  startup_stm32h743xx.o(.text)
    DMA2_Stream2_IRQHandler                  0x0800037f   Thumb Code     0  startup_stm32h743xx.o(.text)
    DMA2_Stream3_IRQHandler                  0x0800037f   Thumb Code     0  startup_stm32h743xx.o(.text)
    DMA2_Stream4_IRQHandler                  0x0800037f   Thumb Code     0  startup_stm32h743xx.o(.text)
    DMA2_Stream5_IRQHandler                  0x0800037f   Thumb Code     0  startup_stm32h743xx.o(.text)
    DMA2_Stream6_IRQHandler                  0x0800037f   Thumb Code     0  startup_stm32h743xx.o(.text)
    DMA2_Stream7_IRQHandler                  0x0800037f   Thumb Code     0  startup_stm32h743xx.o(.text)
    DMAMUX1_OVR_IRQHandler                   0x0800037f   Thumb Code     0  startup_stm32h743xx.o(.text)
    DMAMUX2_OVR_IRQHandler                   0x0800037f   Thumb Code     0  startup_stm32h743xx.o(.text)
    ECC_IRQHandler                           0x0800037f   Thumb Code     0  startup_stm32h743xx.o(.text)
    ETH_IRQHandler                           0x0800037f   Thumb Code     0  startup_stm32h743xx.o(.text)
    ETH_WKUP_IRQHandler                      0x0800037f   Thumb Code     0  startup_stm32h743xx.o(.text)
    EXTI0_IRQHandler                         0x0800037f   Thumb Code     0  startup_stm32h743xx.o(.text)
    EXTI15_10_IRQHandler                     0x0800037f   Thumb Code     0  startup_stm32h743xx.o(.text)
    EXTI1_IRQHandler                         0x0800037f   Thumb Code     0  startup_stm32h743xx.o(.text)
    EXTI2_IRQHandler                         0x0800037f   Thumb Code     0  startup_stm32h743xx.o(.text)
    EXTI3_IRQHandler                         0x0800037f   Thumb Code     0  startup_stm32h743xx.o(.text)
    EXTI4_IRQHandler                         0x0800037f   Thumb Code     0  startup_stm32h743xx.o(.text)
    EXTI9_5_IRQHandler                       0x0800037f   Thumb Code     0  startup_stm32h743xx.o(.text)
    FDCAN1_IT0_IRQHandler                    0x0800037f   Thumb Code     0  startup_stm32h743xx.o(.text)
    FDCAN1_IT1_IRQHandler                    0x0800037f   Thumb Code     0  startup_stm32h743xx.o(.text)
    FDCAN2_IT0_IRQHandler                    0x0800037f   Thumb Code     0  startup_stm32h743xx.o(.text)
    FDCAN2_IT1_IRQHandler                    0x0800037f   Thumb Code     0  startup_stm32h743xx.o(.text)
    FDCAN_CAL_IRQHandler                     0x0800037f   Thumb Code     0  startup_stm32h743xx.o(.text)
    FLASH_IRQHandler                         0x0800037f   Thumb Code     0  startup_stm32h743xx.o(.text)
    FMC_IRQHandler                           0x0800037f   Thumb Code     0  startup_stm32h743xx.o(.text)
    FPU_IRQHandler                           0x0800037f   Thumb Code     0  startup_stm32h743xx.o(.text)
    HRTIM1_FLT_IRQHandler                    0x0800037f   Thumb Code     0  startup_stm32h743xx.o(.text)
    HRTIM1_Master_IRQHandler                 0x0800037f   Thumb Code     0  startup_stm32h743xx.o(.text)
    HRTIM1_TIMA_IRQHandler                   0x0800037f   Thumb Code     0  startup_stm32h743xx.o(.text)
    HRTIM1_TIMB_IRQHandler                   0x0800037f   Thumb Code     0  startup_stm32h743xx.o(.text)
    HRTIM1_TIMC_IRQHandler                   0x0800037f   Thumb Code     0  startup_stm32h743xx.o(.text)
    HRTIM1_TIMD_IRQHandler                   0x0800037f   Thumb Code     0  startup_stm32h743xx.o(.text)
    HRTIM1_TIME_IRQHandler                   0x0800037f   Thumb Code     0  startup_stm32h743xx.o(.text)
    HSEM1_IRQHandler                         0x0800037f   Thumb Code     0  startup_stm32h743xx.o(.text)
    I2C1_ER_IRQHandler                       0x0800037f   Thumb Code     0  startup_stm32h743xx.o(.text)
    I2C1_EV_IRQHandler                       0x0800037f   Thumb Code     0  startup_stm32h743xx.o(.text)
    I2C2_ER_IRQHandler                       0x0800037f   Thumb Code     0  startup_stm32h743xx.o(.text)
    I2C2_EV_IRQHandler                       0x0800037f   Thumb Code     0  startup_stm32h743xx.o(.text)
    I2C3_ER_IRQHandler                       0x0800037f   Thumb Code     0  startup_stm32h743xx.o(.text)
    I2C3_EV_IRQHandler                       0x0800037f   Thumb Code     0  startup_stm32h743xx.o(.text)
    I2C4_ER_IRQHandler                       0x0800037f   Thumb Code     0  startup_stm32h743xx.o(.text)
    I2C4_EV_IRQHandler                       0x0800037f   Thumb Code     0  startup_stm32h743xx.o(.text)
    JPEG_IRQHandler                          0x0800037f   Thumb Code     0  startup_stm32h743xx.o(.text)
    LPTIM1_IRQHandler                        0x0800037f   Thumb Code     0  startup_stm32h743xx.o(.text)
    LPTIM2_IRQHandler                        0x0800037f   Thumb Code     0  startup_stm32h743xx.o(.text)
    LPTIM3_IRQHandler                        0x0800037f   Thumb Code     0  startup_stm32h743xx.o(.text)
    LPTIM4_IRQHandler                        0x0800037f   Thumb Code     0  startup_stm32h743xx.o(.text)
    LPTIM5_IRQHandler                        0x0800037f   Thumb Code     0  startup_stm32h743xx.o(.text)
    LPUART1_IRQHandler                       0x0800037f   Thumb Code     0  startup_stm32h743xx.o(.text)
    LTDC_ER_IRQHandler                       0x0800037f   Thumb Code     0  startup_stm32h743xx.o(.text)
    LTDC_IRQHandler                          0x0800037f   Thumb Code     0  startup_stm32h743xx.o(.text)
    MDIOS_IRQHandler                         0x0800037f   Thumb Code     0  startup_stm32h743xx.o(.text)
    MDIOS_WKUP_IRQHandler                    0x0800037f   Thumb Code     0  startup_stm32h743xx.o(.text)
    MDMA_IRQHandler                          0x0800037f   Thumb Code     0  startup_stm32h743xx.o(.text)
    OTG_FS_EP1_IN_IRQHandler                 0x0800037f   Thumb Code     0  startup_stm32h743xx.o(.text)
    OTG_FS_EP1_OUT_IRQHandler                0x0800037f   Thumb Code     0  startup_stm32h743xx.o(.text)
    OTG_FS_IRQHandler                        0x0800037f   Thumb Code     0  startup_stm32h743xx.o(.text)
    OTG_FS_WKUP_IRQHandler                   0x0800037f   Thumb Code     0  startup_stm32h743xx.o(.text)
    OTG_HS_EP1_IN_IRQHandler                 0x0800037f   Thumb Code     0  startup_stm32h743xx.o(.text)
    OTG_HS_EP1_OUT_IRQHandler                0x0800037f   Thumb Code     0  startup_stm32h743xx.o(.text)
    OTG_HS_IRQHandler                        0x0800037f   Thumb Code     0  startup_stm32h743xx.o(.text)
    OTG_HS_WKUP_IRQHandler                   0x0800037f   Thumb Code     0  startup_stm32h743xx.o(.text)
    PVD_AVD_IRQHandler                       0x0800037f   Thumb Code     0  startup_stm32h743xx.o(.text)
    QUADSPI_IRQHandler                       0x0800037f   Thumb Code     0  startup_stm32h743xx.o(.text)
    RCC_IRQHandler                           0x0800037f   Thumb Code     0  startup_stm32h743xx.o(.text)
    RNG_IRQHandler                           0x0800037f   Thumb Code     0  startup_stm32h743xx.o(.text)
    RTC_Alarm_IRQHandler                     0x0800037f   Thumb Code     0  startup_stm32h743xx.o(.text)
    RTC_WKUP_IRQHandler                      0x0800037f   Thumb Code     0  startup_stm32h743xx.o(.text)
    SAI1_IRQHandler                          0x0800037f   Thumb Code     0  startup_stm32h743xx.o(.text)
    SAI2_IRQHandler                          0x0800037f   Thumb Code     0  startup_stm32h743xx.o(.text)
    SAI3_IRQHandler                          0x0800037f   Thumb Code     0  startup_stm32h743xx.o(.text)
    SAI4_IRQHandler                          0x0800037f   Thumb Code     0  startup_stm32h743xx.o(.text)
    SDMMC1_IRQHandler                        0x0800037f   Thumb Code     0  startup_stm32h743xx.o(.text)
    SDMMC2_IRQHandler                        0x0800037f   Thumb Code     0  startup_stm32h743xx.o(.text)
    SPDIF_RX_IRQHandler                      0x0800037f   Thumb Code     0  startup_stm32h743xx.o(.text)
    SPI1_IRQHandler                          0x0800037f   Thumb Code     0  startup_stm32h743xx.o(.text)
    SPI2_IRQHandler                          0x0800037f   Thumb Code     0  startup_stm32h743xx.o(.text)
    SPI3_IRQHandler                          0x0800037f   Thumb Code     0  startup_stm32h743xx.o(.text)
    SPI4_IRQHandler                          0x0800037f   Thumb Code     0  startup_stm32h743xx.o(.text)
    SPI5_IRQHandler                          0x0800037f   Thumb Code     0  startup_stm32h743xx.o(.text)
    SPI6_IRQHandler                          0x0800037f   Thumb Code     0  startup_stm32h743xx.o(.text)
    SWPMI1_IRQHandler                        0x0800037f   Thumb Code     0  startup_stm32h743xx.o(.text)
    TAMP_STAMP_IRQHandler                    0x0800037f   Thumb Code     0  startup_stm32h743xx.o(.text)
    TIM15_IRQHandler                         0x0800037f   Thumb Code     0  startup_stm32h743xx.o(.text)
    TIM16_IRQHandler                         0x0800037f   Thumb Code     0  startup_stm32h743xx.o(.text)
    TIM17_IRQHandler                         0x0800037f   Thumb Code     0  startup_stm32h743xx.o(.text)
    TIM1_BRK_IRQHandler                      0x0800037f   Thumb Code     0  startup_stm32h743xx.o(.text)
    TIM1_CC_IRQHandler                       0x0800037f   Thumb Code     0  startup_stm32h743xx.o(.text)
    TIM1_TRG_COM_IRQHandler                  0x0800037f   Thumb Code     0  startup_stm32h743xx.o(.text)
    TIM1_UP_IRQHandler                       0x0800037f   Thumb Code     0  startup_stm32h743xx.o(.text)
    TIM2_IRQHandler                          0x0800037f   Thumb Code     0  startup_stm32h743xx.o(.text)
    TIM3_IRQHandler                          0x0800037f   Thumb Code     0  startup_stm32h743xx.o(.text)
    TIM4_IRQHandler                          0x0800037f   Thumb Code     0  startup_stm32h743xx.o(.text)
    TIM5_IRQHandler                          0x0800037f   Thumb Code     0  startup_stm32h743xx.o(.text)
    TIM7_IRQHandler                          0x0800037f   Thumb Code     0  startup_stm32h743xx.o(.text)
    TIM8_BRK_TIM12_IRQHandler                0x0800037f   Thumb Code     0  startup_stm32h743xx.o(.text)
    TIM8_CC_IRQHandler                       0x0800037f   Thumb Code     0  startup_stm32h743xx.o(.text)
    TIM8_TRG_COM_TIM14_IRQHandler            0x0800037f   Thumb Code     0  startup_stm32h743xx.o(.text)
    TIM8_UP_TIM13_IRQHandler                 0x0800037f   Thumb Code     0  startup_stm32h743xx.o(.text)
    UART4_IRQHandler                         0x0800037f   Thumb Code     0  startup_stm32h743xx.o(.text)
    UART5_IRQHandler                         0x0800037f   Thumb Code     0  startup_stm32h743xx.o(.text)
    UART8_IRQHandler                         0x0800037f   Thumb Code     0  startup_stm32h743xx.o(.text)
    USART6_IRQHandler                        0x0800037f   Thumb Code     0  startup_stm32h743xx.o(.text)
    WAKEUP_PIN_IRQHandler                    0x0800037f   Thumb Code     0  startup_stm32h743xx.o(.text)
    WWDG_IRQHandler                          0x0800037f   Thumb Code     0  startup_stm32h743xx.o(.text)
    __user_initial_stackheap                 0x08000381   Thumb Code     0  startup_stm32h743xx.o(.text)
    __aeabi_uldivmod                         0x080003a5   Thumb Code     0  lludivv7m.o(.text)
    _ll_udiv                                 0x080003a5   Thumb Code   240  lludivv7m.o(.text)
    __aeabi_memcpy                           0x08000495   Thumb Code     0  rt_memcpy_v6.o(.text)
    __rt_memcpy                              0x08000495   Thumb Code   138  rt_memcpy_v6.o(.text)
    _memcpy_lastbytes                        0x080004fb   Thumb Code     0  rt_memcpy_v6.o(.text)
    __aeabi_memset4                          0x0800051f   Thumb Code    16  aeabi_memset4.o(.text)
    __aeabi_memset8                          0x0800051f   Thumb Code     0  aeabi_memset4.o(.text)
    __aeabi_memclr4                          0x0800052f   Thumb Code     0  rt_memclr_w.o(.text)
    __aeabi_memclr8                          0x0800052f   Thumb Code     0  rt_memclr_w.o(.text)
    __rt_memclr_w                            0x0800052f   Thumb Code     0  rt_memclr_w.o(.text)
    _memset_w                                0x08000533   Thumb Code    74  rt_memclr_w.o(.text)
    __use_two_region_memory                  0x0800057d   Thumb Code     2  heapauxi.o(.text)
    __rt_heap_escrow$2region                 0x0800057f   Thumb Code     2  heapauxi.o(.text)
    __rt_heap_expand$2region                 0x08000581   Thumb Code     2  heapauxi.o(.text)
    __aeabi_memcpy4                          0x08000583   Thumb Code     0  rt_memcpy_w.o(.text)
    __aeabi_memcpy8                          0x08000583   Thumb Code     0  rt_memcpy_w.o(.text)
    __rt_memcpy_w                            0x08000583   Thumb Code   100  rt_memcpy_w.o(.text)
    _memcpy_lastbytes_aligned                0x080005cb   Thumb Code     0  rt_memcpy_w.o(.text)
    __user_setup_stackheap                   0x080005e7   Thumb Code    74  sys_stackheap_outer.o(.text)
    exit                                     0x08000631   Thumb Code    18  exit.o(.text)
    __user_libspace                          0x08000645   Thumb Code     8  libspace.o(.text)
    __user_perproc_libspace                  0x08000645   Thumb Code     0  libspace.o(.text)
    __user_perthread_libspace                0x08000645   Thumb Code     0  libspace.o(.text)
    _sys_exit                                0x0800064d   Thumb Code     8  sys_exit.o(.text)
    __I$use$semihosting                      0x08000659   Thumb Code     0  use_no_semi.o(.text)
    __use_no_semihosting_swi                 0x08000659   Thumb Code     2  use_no_semi.o(.text)
    __semihosting_library_function           0x0800065b   Thumb Code     0  indicate_semi.o(.text)
    ADS7951_Init                             0x08000661   Thumb Code    38  ads7951.o(.text.ADS7951_Init)
    ADS7951_ReadRaw                          0x08000729   Thumb Code   176  ads7951.o(.text.ADS7951_ReadRaw)
    ADS7951_U6_ReadAll                       0x080007d9   Thumb Code    10  ads7951.o(.text.ADS7951_U6_ReadAll)
    ADS7951_U6_ReadChannel                   0x080007e9   Thumb Code    22  ads7951.o(.text.ADS7951_U6_ReadChannel)
    ADS7951_U8_ReadAll                       0x08000801   Thumb Code    10  ads7951.o(.text.ADS7951_U8_ReadAll)
    ADS7951_U8_ReadChannel                   0x08000811   Thumb Code    22  ads7951.o(.text.ADS7951_U8_ReadChannel)
    BusFault_Handler                         0x08000829   Thumb Code     2  stm32h7xx_it.o(.text.BusFault_Handler)
    DebugMon_Handler                         0x08000831   Thumb Code     2  stm32h7xx_it.o(.text.DebugMon_Handler)
    Error_Handler                            0x08000839   Thumb Code    10  main.o(.text.Error_Handler)
    HAL_DMA_Abort                            0x08000849   Thumb Code  1314  stm32h7xx_hal_dma.o(.text.HAL_DMA_Abort)
    HAL_DMA_Abort_IT                         0x08000d71   Thumb Code   694  stm32h7xx_hal_dma.o(.text.HAL_DMA_Abort_IT)
    HAL_DMA_GetError                         0x08001029   Thumb Code     4  stm32h7xx_hal_dma.o(.text.HAL_DMA_GetError)
    HAL_GPIO_Init                            0x08001031   Thumb Code   454  stm32h7xx_hal_gpio.o(.text.HAL_GPIO_Init)
    HAL_GPIO_WritePin                        0x080011f9   Thumb Code    10  stm32h7xx_hal_gpio.o(.text.HAL_GPIO_WritePin)
    HAL_GetREVID                             0x08001209   Thumb Code    14  stm32h7xx_hal.o(.text.HAL_GetREVID)
    HAL_GetTick                              0x08001219   Thumb Code    12  stm32h7xx_hal.o(.text.HAL_GetTick)
    HAL_IncTick                              0x08001229   Thumb Code    26  stm32h7xx_hal.o(.text.HAL_IncTick)
    HAL_Init                                 0x08001249   Thumb Code   100  stm32h7xx_hal.o(.text.HAL_Init)
    HAL_InitTick                             0x080012b1   Thumb Code   168  stm32h7xx_hal_timebase_tim.o(.text.HAL_InitTick)
    HAL_MspInit                              0x08001359   Thumb Code    32  stm32h7xx_hal_msp.o(.text.HAL_MspInit)
    HAL_NVIC_DisableIRQ                      0x08001379   Thumb Code    42  stm32h7xx_hal_cortex.o(.text.HAL_NVIC_DisableIRQ)
    HAL_NVIC_EnableIRQ                       0x080013a9   Thumb Code    34  stm32h7xx_hal_cortex.o(.text.HAL_NVIC_EnableIRQ)
    HAL_NVIC_SetPriority                     0x080013d1   Thumb Code    90  stm32h7xx_hal_cortex.o(.text.HAL_NVIC_SetPriority)
    HAL_NVIC_SetPriorityGrouping             0x08001431   Thumb Code    32  stm32h7xx_hal_cortex.o(.text.HAL_NVIC_SetPriorityGrouping)
    HAL_PWREx_ConfigSupply                   0x08001451   Thumb Code    76  stm32h7xx_hal_pwr_ex.o(.text.HAL_PWREx_ConfigSupply)
    HAL_RCCEx_GetD3PCLK1Freq                 0x080014a1   Thumb Code    38  stm32h7xx_hal_rcc_ex.o(.text.HAL_RCCEx_GetD3PCLK1Freq)
    HAL_RCCEx_GetPLL2ClockFreq               0x080014c9   Thumb Code   284  stm32h7xx_hal_rcc_ex.o(.text.HAL_RCCEx_GetPLL2ClockFreq)
    HAL_RCCEx_GetPLL3ClockFreq               0x080015f9   Thumb Code   284  stm32h7xx_hal_rcc_ex.o(.text.HAL_RCCEx_GetPLL3ClockFreq)
    HAL_RCCEx_PeriphCLKConfig                0x08001729   Thumb Code  3120  stm32h7xx_hal_rcc_ex.o(.text.HAL_RCCEx_PeriphCLKConfig)
    HAL_RCC_ClockConfig                      0x08002359   Thumb Code   596  stm32h7xx_hal_rcc.o(.text.HAL_RCC_ClockConfig)
    HAL_RCC_GetClockConfig                   0x080025b1   Thumb Code    88  stm32h7xx_hal_rcc.o(.text.HAL_RCC_GetClockConfig)
    HAL_RCC_GetHCLKFreq                      0x08002609   Thumb Code    76  stm32h7xx_hal_rcc.o(.text.HAL_RCC_GetHCLKFreq)
    HAL_RCC_GetPCLK1Freq                     0x08002659   Thumb Code    96  stm32h7xx_hal_rcc.o(.text.HAL_RCC_GetPCLK1Freq)
    HAL_RCC_GetPCLK2Freq                     0x080026b9   Thumb Code    96  stm32h7xx_hal_rcc.o(.text.HAL_RCC_GetPCLK2Freq)
    HAL_RCC_GetSysClockFreq                  0x08002719   Thumb Code   264  stm32h7xx_hal_rcc.o(.text.HAL_RCC_GetSysClockFreq)
    HAL_RCC_OscConfig                        0x08002831   Thumb Code  1276  stm32h7xx_hal_rcc.o(.text.HAL_RCC_OscConfig)
    HAL_SPI_Init                             0x08002d31   Thumb Code   366  stm32h7xx_hal_spi.o(.text.HAL_SPI_Init)
    HAL_SPI_MspInit                          0x08002ea1   Thumb Code   342  spi.o(.text.HAL_SPI_MspInit)
    HAL_SPI_TransmitReceive                  0x08002ff9   Thumb Code   986  stm32h7xx_hal_spi.o(.text.HAL_SPI_TransmitReceive)
    HAL_TIMEx_Break2Callback                 0x080033d9   Thumb Code     2  stm32h7xx_hal_tim_ex.o(.text.HAL_TIMEx_Break2Callback)
    HAL_TIMEx_BreakCallback                  0x080033e1   Thumb Code     2  stm32h7xx_hal_tim_ex.o(.text.HAL_TIMEx_BreakCallback)
    HAL_TIMEx_CommutCallback                 0x080033e9   Thumb Code     2  stm32h7xx_hal_tim_ex.o(.text.HAL_TIMEx_CommutCallback)
    HAL_TIM_Base_Init                        0x080033f1   Thumb Code    96  stm32h7xx_hal_tim.o(.text.HAL_TIM_Base_Init)
    HAL_TIM_Base_MspInit                     0x08003451   Thumb Code     2  stm32h7xx_hal_tim.o(.text.HAL_TIM_Base_MspInit)
    HAL_TIM_Base_Start_IT                    0x08003459   Thumb Code    64  stm32h7xx_hal_tim.o(.text.HAL_TIM_Base_Start_IT)
    HAL_TIM_IC_CaptureCallback               0x08003499   Thumb Code     2  stm32h7xx_hal_tim.o(.text.HAL_TIM_IC_CaptureCallback)
    HAL_TIM_IRQHandler                       0x080034a1   Thumb Code   396  stm32h7xx_hal_tim.o(.text.HAL_TIM_IRQHandler)
    HAL_TIM_OC_DelayElapsedCallback          0x08003631   Thumb Code     2  stm32h7xx_hal_tim.o(.text.HAL_TIM_OC_DelayElapsedCallback)
    HAL_TIM_PWM_PulseFinishedCallback        0x08003639   Thumb Code     2  stm32h7xx_hal_tim.o(.text.HAL_TIM_PWM_PulseFinishedCallback)
    HAL_TIM_PeriodElapsedCallback            0x08003641   Thumb Code    20  main.o(.text.HAL_TIM_PeriodElapsedCallback)
    HAL_TIM_TriggerCallback                  0x08003659   Thumb Code     2  stm32h7xx_hal_tim.o(.text.HAL_TIM_TriggerCallback)
    HAL_UARTEx_DisableFifoMode               0x08003661   Thumb Code    54  stm32h7xx_hal_uart_ex.o(.text.HAL_UARTEx_DisableFifoMode)
    HAL_UARTEx_RxFifoFullCallback            0x08003699   Thumb Code     2  stm32h7xx_hal_uart_ex.o(.text.HAL_UARTEx_RxFifoFullCallback)
    HAL_UARTEx_SetRxFifoThreshold            0x080036a1   Thumb Code   140  stm32h7xx_hal_uart_ex.o(.text.HAL_UARTEx_SetRxFifoThreshold)
    HAL_UARTEx_SetTxFifoThreshold            0x08003731   Thumb Code   140  stm32h7xx_hal_uart_ex.o(.text.HAL_UARTEx_SetTxFifoThreshold)
    HAL_UARTEx_TxFifoEmptyCallback           0x080037c1   Thumb Code     2  stm32h7xx_hal_uart_ex.o(.text.HAL_UARTEx_TxFifoEmptyCallback)
    HAL_UARTEx_WakeupCallback                0x080037c9   Thumb Code     2  stm32h7xx_hal_uart_ex.o(.text.HAL_UARTEx_WakeupCallback)
    HAL_UART_Abort                           0x080037d1   Thumb Code   178  stm32h7xx_hal_uart.o(.text.HAL_UART_Abort)
    HAL_UART_AbortReceiveCpltCallback        0x08003889   Thumb Code    86  rs422.o(.text.HAL_UART_AbortReceiveCpltCallback)
    HAL_UART_AbortReceive_IT                 0x080038e1   Thumb Code   126  stm32h7xx_hal_uart.o(.text.HAL_UART_AbortReceive_IT)
    HAL_UART_ErrorCallback                   0x08003961   Thumb Code    80  rs422.o(.text.HAL_UART_ErrorCallback)
    HAL_UART_GetError                        0x080039b1   Thumb Code     6  stm32h7xx_hal_uart.o(.text.HAL_UART_GetError)
    HAL_UART_IRQHandler                      0x080039b9   Thumb Code   520  stm32h7xx_hal_uart.o(.text.HAL_UART_IRQHandler)
    HAL_UART_Init                            0x08003bc1   Thumb Code    98  stm32h7xx_hal_uart.o(.text.HAL_UART_Init)
    HAL_UART_MspInit                         0x08003c29   Thumb Code   364  usart.o(.text.HAL_UART_MspInit)
    HAL_UART_Receive_IT                      0x08003d99   Thumb Code   266  stm32h7xx_hal_uart.o(.text.HAL_UART_Receive_IT)
    HAL_UART_RxCpltCallback                  0x08003ea9   Thumb Code   154  rs422.o(.text.HAL_UART_RxCpltCallback)
    HAL_UART_Transmit                        0x08003f49   Thumb Code   216  stm32h7xx_hal_uart.o(.text.HAL_UART_Transmit)
    HAL_UART_Transmit_IT                     0x08004021   Thumb Code   170  stm32h7xx_hal_uart.o(.text.HAL_UART_Transmit_IT)
    HAL_UART_TxCpltCallback                  0x080040d1   Thumb Code    76  rs422.o(.text.HAL_UART_TxCpltCallback)
    HardFault_Handler                        0x08004121   Thumb Code     2  stm32h7xx_it.o(.text.HardFault_Handler)
    HostComm_Init                            0x08004129   Thumb Code   448  host_comm.o(.text.HostComm_Init)
    HostComm_Poll                            0x080042e9   Thumb Code  1526  host_comm.o(.text.HostComm_Poll)
    HostComm_UART_AbortReceiveCpltCallback   0x08004d01   Thumb Code    58  host_comm.o(.text.HostComm_UART_AbortReceiveCpltCallback)
    HostComm_UART_ErrorCallback              0x08004d41   Thumb Code    82  host_comm.o(.text.HostComm_UART_ErrorCallback)
    HostComm_UART_RxCpltCallback             0x08004d99   Thumb Code   390  host_comm.o(.text.HostComm_UART_RxCpltCallback)
    MX_GPIO_Init                             0x08004f21   Thumb Code   324  gpio.o(.text.MX_GPIO_Init)
    MX_SPI2_Init                             0x08005069   Thumb Code    94  spi.o(.text.MX_SPI2_Init)
    MX_SPI3_Init                             0x080050c9   Thumb Code    94  spi.o(.text.MX_SPI3_Init)
    MX_SPI4_Init                             0x08005129   Thumb Code    88  spi.o(.text.MX_SPI4_Init)
    MX_UART7_Init                            0x08005181   Thumb Code   124  usart.o(.text.MX_UART7_Init)
    MX_USART1_UART_Init                      0x08005201   Thumb Code   124  usart.o(.text.MX_USART1_UART_Init)
    MX_USART2_UART_Init                      0x08005281   Thumb Code   124  usart.o(.text.MX_USART2_UART_Init)
    MX_USART3_UART_Init                      0x08005301   Thumb Code   124  usart.o(.text.MX_USART3_UART_Init)
    MemManage_Handler                        0x08005381   Thumb Code     2  stm32h7xx_it.o(.text.MemManage_Handler)
    NMI_Handler                              0x08005389   Thumb Code     2  stm32h7xx_it.o(.text.NMI_Handler)
    PendSV_Handler                           0x08005391   Thumb Code     2  stm32h7xx_it.o(.text.PendSV_Handler)
    RS422_Available                          0x080055e9   Thumb Code    56  rs422.o(.text.RS422_Available)
    RS422_ClearRx                            0x08005621   Thumb Code    42  rs422.o(.text.RS422_ClearRx)
    RS422_Init                               0x08005651   Thumb Code   204  rs422.o(.text.RS422_Init)
    RS422_ProtocolClearStats                 0x080057e1   Thumb Code    70  rs422_protocol.o(.text.RS422_ProtocolClearStats)
    RS422_ProtocolPoll                       0x08005829   Thumb Code   824  rs422_protocol.o(.text.RS422_ProtocolPoll)
    RS422_ProtocolSend                       0x08005b61   Thumb Code   348  rs422_protocol.o(.text.RS422_ProtocolSend)
    RS422_Read                               0x08005cc1   Thumb Code   134  rs422.o(.text.RS422_Read)
    RS422_SetBaudRate                        0x08005d49   Thumb Code   368  rs422.o(.text.RS422_SetBaudRate)
    RS422_Transmit                           0x08005eb9   Thumb Code   476  rs422.o(.text.RS422_Transmit)
    SSI422_Init                              0x08006421   Thumb Code    62  ssi422.o(.text.SSI422_Init)
    SSI422_ReadBits                          0x08006461   Thumb Code   218  ssi422.o(.text.SSI422_ReadBits)
    SSI422_U16_ReadBits                      0x08006541   Thumb Code    14  ssi422.o(.text.SSI422_U16_ReadBits)
    SSI422_U18_ReadBits                      0x08006551   Thumb Code    14  ssi422.o(.text.SSI422_U18_ReadBits)
    SVC_Handler                              0x08006561   Thumb Code     2  stm32h7xx_it.o(.text.SVC_Handler)
    SysTick_Handler                          0x08006569   Thumb Code     2  stm32h7xx_it.o(.text.SysTick_Handler)
    SystemClock_Config                       0x08006571   Thumb Code   268  main.o(.text.SystemClock_Config)
    SystemInit                               0x08006681   Thumb Code   218  system_stm32h7xx.o(.text.SystemInit)
    TIM6_DAC_IRQHandler                      0x08006761   Thumb Code    12  stm32h7xx_it.o(.text.TIM6_DAC_IRQHandler)
    TIM_Base_SetConfig                       0x08006771   Thumb Code   332  stm32h7xx_hal_tim.o(.text.TIM_Base_SetConfig)
    UART7_IRQHandler                         0x080068c1   Thumb Code    12  stm32h7xx_it.o(.text.UART7_IRQHandler)
    UART_AdvFeatureConfig                    0x080068d1   Thumb Code   224  stm32h7xx_hal_uart.o(.text.UART_AdvFeatureConfig)
    UART_CheckIdleState                      0x080069b1   Thumb Code   232  stm32h7xx_hal_uart.o(.text.UART_CheckIdleState)
    UART_SetConfig                           0x08006ce1   Thumb Code  1136  stm32h7xx_hal_uart.o(.text.UART_SetConfig)
    UART_WaitOnFlagUntilTimeout              0x080072a9   Thumb Code   242  stm32h7xx_hal_uart.o(.text.UART_WaitOnFlagUntilTimeout)
    USART1_IRQHandler                        0x080073a1   Thumb Code    12  stm32h7xx_it.o(.text.USART1_IRQHandler)
    USART2_IRQHandler                        0x080073b1   Thumb Code    12  stm32h7xx_it.o(.text.USART2_IRQHandler)
    USART3_IRQHandler                        0x080073c1   Thumb Code    12  stm32h7xx_it.o(.text.USART3_IRQHandler)
    UsageFault_Handler                       0x080073d1   Thumb Code     2  stm32h7xx_it.o(.text.UsageFault_Handler)
    main                                     0x080073d9   Thumb Code   406  main.o(.text.main)
    _fp_init                                 0x0800756f   Thumb Code    26  fpinit.o(x$fpl$fpinit)
    __fplib_config_fpu_vfp                   0x08007587   Thumb Code     0  fpinit.o(x$fpl$fpinit)
    __fplib_config_pureend_doubles           0x08007587   Thumb Code     0  fpinit.o(x$fpl$fpinit)
    D1CorePrescTable                         0x08007594   Data          16  system_stm32h7xx.o(.rodata.D1CorePrescTable)
    UARTPrescTable                           0x080075a4   Data          24  stm32h7xx_hal_uart.o(.rodata.UARTPrescTable)
    Region$$Table$$Base                      0x08007614   Number         0  anon$$obj.o(Region$$Table)
    Region$$Table$$Limit                     0x08007634   Number         0  anon$$obj.o(Region$$Table)
    host_comm_baudrate                       0x24000000   Data           4  host_comm.o(.data..L_MergedGlobals)
    host_comm_uart1_baudrate                 0x24000004   Data           4  host_comm.o(.data..L_MergedGlobals)
    host_comm_uart2_baudrate                 0x24000008   Data           4  host_comm.o(.data..L_MergedGlobals)
    host_comm_uart3_baudrate                 0x2400000c   Data           4  host_comm.o(.data..L_MergedGlobals)
    host_comm_uart4_baudrate                 0x24000010   Data           4  host_comm.o(.data..L_MergedGlobals)
    uwTickFreq                               0x24000014   Data           1  stm32h7xx_hal.o(.data..L_MergedGlobals)
    uwTickPrio                               0x24000018   Data           4  stm32h7xx_hal.o(.data..L_MergedGlobals)
    SystemCoreClock                          0x2400001c   Data           4  system_stm32h7xx.o(.data..L_MergedGlobals)
    SystemD2Clock                            0x24000020   Data           4  system_stm32h7xx.o(.data..L_MergedGlobals)
    __libspace_start                         0x24000028   Data          96  libspace.o(.bss)
    __temporary_stack_top$libspace           0x24000088   Data           0  libspace.o(.bss)
    rs422_diag_tx_complete_count             0x24000088   Data           8  rs422.o(.bss..L_MergedGlobals)
    rs422_diag_rx_complete_count             0x24000090   Data           8  rs422.o(.bss..L_MergedGlobals)
    rs422_diag_error_count                   0x24000098   Data           8  rs422.o(.bss..L_MergedGlobals)
    rs422_diag_abort_count                   0x240000a0   Data           8  rs422.o(.bss..L_MergedGlobals)
    rs422_diag_last_error_code               0x240000a8   Data           8  rs422.o(.bss..L_MergedGlobals)
    rs422_diag_last_rx_byte                  0x240000b0   Data           8  rs422.o(.bss..L_MergedGlobals)
    rs422_diag_start_receive_status          0x240000b8   Data           8  rs422.o(.bss..L_MergedGlobals)
    rs422_diag_rx_overflow_count             0x240000c0   Data           8  rs422.o(.bss..L_MergedGlobals)
    rs422_diag_tx_overflow_count             0x240000c8   Data           8  rs422.o(.bss..L_MergedGlobals)
    rs422_diag_tx_total_bytes                0x240000d0   Data           8  rs422.o(.bss..L_MergedGlobals)
    rs422_diag_requested_baud                0x240000d8   Data           8  rs422.o(.bss..L_MergedGlobals)
    rs422_diag_actual_baud                   0x240000e0   Data           8  rs422.o(.bss..L_MergedGlobals)
    rs422_protocol_rx_total_bytes            0x24000100   Data           8  rs422_protocol.o(.bss..L_MergedGlobals)
    rs422_protocol_rx_good_frames            0x24000108   Data           8  rs422_protocol.o(.bss..L_MergedGlobals)
    rs422_protocol_rx_error_frames           0x24000110   Data           8  rs422_protocol.o(.bss..L_MergedGlobals)
    rs422_protocol_rx_error_bytes            0x24000118   Data           8  rs422_protocol.o(.bss..L_MergedGlobals)
    rs422_protocol_rx_sync_drop_bytes        0x24000120   Data           8  rs422_protocol.o(.bss..L_MergedGlobals)
    rs422_protocol_rx_error_rate_ppm         0x24000128   Data           8  rs422_protocol.o(.bss..L_MergedGlobals)
    adc_u6_status                            0x24000130   Data           1  main.o(.bss..L_MergedGlobals)
    adc_u8_status                            0x24000131   Data           1  main.o(.bss..L_MergedGlobals)
    ssi_u16_status                           0x24000132   Data           1  main.o(.bss..L_MergedGlobals)
    ssi_u18_status                           0x24000133   Data           1  main.o(.bss..L_MergedGlobals)
    adc_u6_ch0                               0x24000134   Data           2  main.o(.bss..L_MergedGlobals)
    adc_u8_ch3                               0x24000136   Data           2  main.o(.bss..L_MergedGlobals)
    ssi_u16_value                            0x24000138   Data           4  main.o(.bss..L_MergedGlobals)
    ssi_u18_value                            0x2400013c   Data           4  main.o(.bss..L_MergedGlobals)
    adc_u6_values                            0x24000140   Data          16  main.o(.bss..L_MergedGlobals)
    adc_u8_values                            0x24000150   Data          16  main.o(.bss..L_MergedGlobals)
    host_comm_uart1_enabled                  0x24000160   Data           1  host_comm.o(.bss..L_MergedGlobals.4)
    host_comm_uart2_enabled                  0x24000161   Data           1  host_comm.o(.bss..L_MergedGlobals.4)
    host_comm_uart3_enabled                  0x24000162   Data           1  host_comm.o(.bss..L_MergedGlobals.4)
    host_comm_uart4_enabled                  0x24000163   Data           1  host_comm.o(.bss..L_MergedGlobals.4)
    host_comm_test_running                   0x24000164   Data           1  host_comm.o(.bss..L_MergedGlobals.4)
    host_comm_last_tx_status                 0x24000165   Data           1  host_comm.o(.bss..L_MergedGlobals.4)
    host_comm_start_receive_status           0x24000166   Data           1  host_comm.o(.bss..L_MergedGlobals.4)
    host_comm_last_instruction               0x2400016a   Data           2  host_comm.o(.bss..L_MergedGlobals.4)
    host_comm_last_upload_length             0x2400016c   Data           2  host_comm.o(.bss..L_MergedGlobals.4)
    host_comm_rx_total_bytes                 0x24000170   Data           4  host_comm.o(.bss..L_MergedGlobals.4)
    host_comm_tx_total_bytes                 0x24000174   Data           4  host_comm.o(.bss..L_MergedGlobals.4)
    host_comm_error_bytes                    0x24000178   Data           4  host_comm.o(.bss..L_MergedGlobals.4)
    host_comm_error_rate_ppm                 0x2400017c   Data           4  host_comm.o(.bss..L_MergedGlobals.4)
    host_comm_last_control_id                0x24000180   Data           4  host_comm.o(.bss..L_MergedGlobals.4)
    host_comm_send_stats_count               0x24000184   Data           4  host_comm.o(.bss..L_MergedGlobals.4)
    host_comm_upload_frame_count             0x24000188   Data           4  host_comm.o(.bss..L_MergedGlobals.4)
    host_comm_last_upload_control_id         0x2400018c   Data           4  host_comm.o(.bss..L_MergedGlobals.4)
    host_comm_last_upload_value              0x24000190   Data           4  host_comm.o(.bss..L_MergedGlobals.4)
    hspi2                                    0x24000b2c   Data         136  spi.o(.bss.hspi2)
    hspi3                                    0x24000bb4   Data         136  spi.o(.bss.hspi3)
    hspi4                                    0x24000c3c   Data         136  spi.o(.bss.hspi4)
    htim6                                    0x24000cc4   Data          76  stm32h7xx_hal_timebase_tim.o(.bss.htim6)
    huart1                                   0x24000d10   Data         140  usart.o(.bss.huart1)
    huart2                                   0x24000d9c   Data         140  usart.o(.bss.huart2)
    huart3                                   0x24000e28   Data         140  usart.o(.bss.huart3)
    huart7                                   0x24000eb4   Data         140  usart.o(.bss.huart7)
    uwTick                                   0x24001854   Data           4  stm32h7xx_hal.o(.bss.uwTick)



==============================================================================

Memory Map of the image

  Image Entry point : 0x08000299

  Load Region LR_IROM1 (Base: 0x08000000, Size: 0x00007660, Max: 0x00200000, ABSOLUTE)

    Execution Region ER_IROM1 (Exec base: 0x08000000, Load base: 0x08000000, Size: 0x00007634, Max: 0x00200000, ABSOLUTE)

    Exec Addr    Load Addr    Size         Type   Attr      Idx    E Section Name        Object

    0x08000000   0x08000000   0x00000298   Data   RO            3    RESET               startup_stm32h743xx.o
    0x08000298   0x08000298   0x00000008   Code   RO         1798  * !!!main             c_w.l(__main.o)
    0x080002a0   0x080002a0   0x0000005c   Code   RO         1975    !!!scatter          c_w.l(__scatter.o)
    0x080002fc   0x080002fc   0x0000001a   Code   RO         1979    !!handler_copy      c_w.l(__scatter_copy.o)
    0x08000316   0x08000316   0x00000002   PAD
    0x08000318   0x08000318   0x00000002   Code   RO         1976    !!handler_null      c_w.l(__scatter.o)
    0x0800031a   0x0800031a   0x00000002   PAD
    0x0800031c   0x0800031c   0x0000001c   Code   RO         1981    !!handler_zi        c_w.l(__scatter_zi.o)
    0x08000338   0x08000338   0x00000002   Code   RO         1837    .ARM.Collect$$libinit$$00000000  c_w.l(libinit.o)
    0x0800033a   0x0800033a   0x00000004   Code   RO         1849    .ARM.Collect$$libinit$$00000001  c_w.l(libinit2.o)
    0x0800033e   0x0800033e   0x00000000   Code   RO         1852    .ARM.Collect$$libinit$$00000004  c_w.l(libinit2.o)
    0x0800033e   0x0800033e   0x00000000   Code   RO         1854    .ARM.Collect$$libinit$$00000006  c_w.l(libinit2.o)
    0x0800033e   0x0800033e   0x00000000   Code   RO         1857    .ARM.Collect$$libinit$$0000000C  c_w.l(libinit2.o)
    0x0800033e   0x0800033e   0x00000000   Code   RO         1859    .ARM.Collect$$libinit$$0000000E  c_w.l(libinit2.o)
    0x0800033e   0x0800033e   0x00000000   Code   RO         1861    .ARM.Collect$$libinit$$00000010  c_w.l(libinit2.o)
    0x0800033e   0x0800033e   0x00000000   Code   RO         1864    .ARM.Collect$$libinit$$00000013  c_w.l(libinit2.o)
    0x0800033e   0x0800033e   0x00000000   Code   RO         1866    .ARM.Collect$$libinit$$00000015  c_w.l(libinit2.o)
    0x0800033e   0x0800033e   0x00000000   Code   RO         1868    .ARM.Collect$$libinit$$00000017  c_w.l(libinit2.o)
    0x0800033e   0x0800033e   0x00000000   Code   RO         1870    .ARM.Collect$$libinit$$00000019  c_w.l(libinit2.o)
    0x0800033e   0x0800033e   0x00000000   Code   RO         1872    .ARM.Collect$$libinit$$0000001B  c_w.l(libinit2.o)
    0x0800033e   0x0800033e   0x00000000   Code   RO         1874    .ARM.Collect$$libinit$$0000001D  c_w.l(libinit2.o)
    0x0800033e   0x0800033e   0x00000000   Code   RO         1876    .ARM.Collect$$libinit$$0000001F  c_w.l(libinit2.o)
    0x0800033e   0x0800033e   0x00000000   Code   RO         1878    .ARM.Collect$$libinit$$00000021  c_w.l(libinit2.o)
    0x0800033e   0x0800033e   0x00000000   Code   RO         1880    .ARM.Collect$$libinit$$00000023  c_w.l(libinit2.o)
    0x0800033e   0x0800033e   0x00000000   Code   RO         1882    .ARM.Collect$$libinit$$00000025  c_w.l(libinit2.o)
    0x0800033e   0x0800033e   0x00000000   Code   RO         1884    .ARM.Collect$$libinit$$00000027  c_w.l(libinit2.o)
    0x0800033e   0x0800033e   0x00000000   Code   RO         1888    .ARM.Collect$$libinit$$0000002E  c_w.l(libinit2.o)
    0x0800033e   0x0800033e   0x00000000   Code   RO         1890    .ARM.Collect$$libinit$$00000030  c_w.l(libinit2.o)
    0x0800033e   0x0800033e   0x00000000   Code   RO         1892    .ARM.Collect$$libinit$$00000032  c_w.l(libinit2.o)
    0x0800033e   0x0800033e   0x00000000   Code   RO         1894    .ARM.Collect$$libinit$$00000034  c_w.l(libinit2.o)
    0x0800033e   0x0800033e   0x00000002   Code   RO         1895    .ARM.Collect$$libinit$$00000035  c_w.l(libinit2.o)
    0x08000340   0x08000340   0x00000002   Code   RO         1930    .ARM.Collect$$libshutdown$$00000000  c_w.l(libshutdown.o)
    0x08000342   0x08000342   0x00000000   Code   RO         1958    .ARM.Collect$$libshutdown$$00000002  c_w.l(libshutdown2.o)
    0x08000342   0x08000342   0x00000000   Code   RO         1960    .ARM.Collect$$libshutdown$$00000004  c_w.l(libshutdown2.o)
    0x08000342   0x08000342   0x00000000   Code   RO         1963    .ARM.Collect$$libshutdown$$00000007  c_w.l(libshutdown2.o)
    0x08000342   0x08000342   0x00000000   Code   RO         1966    .ARM.Collect$$libshutdown$$0000000A  c_w.l(libshutdown2.o)
    0x08000342   0x08000342   0x00000000   Code   RO         1968    .ARM.Collect$$libshutdown$$0000000C  c_w.l(libshutdown2.o)
    0x08000342   0x08000342   0x00000000   Code   RO         1971    .ARM.Collect$$libshutdown$$0000000F  c_w.l(libshutdown2.o)
    0x08000342   0x08000342   0x00000002   Code   RO         1972    .ARM.Collect$$libshutdown$$00000010  c_w.l(libshutdown2.o)
    0x08000344   0x08000344   0x00000000   Code   RO         1800    .ARM.Collect$$rtentry$$00000000  c_w.l(__rtentry.o)
    0x08000344   0x08000344   0x00000000   Code   RO         1808    .ARM.Collect$$rtentry$$00000002  c_w.l(__rtentry2.o)
    0x08000344   0x08000344   0x00000006   Code   RO         1820    .ARM.Collect$$rtentry$$00000004  c_w.l(__rtentry4.o)
    0x0800034a   0x0800034a   0x00000000   Code   RO         1810    .ARM.Collect$$rtentry$$00000009  c_w.l(__rtentry2.o)
    0x0800034a   0x0800034a   0x00000004   Code   RO         1811    .ARM.Collect$$rtentry$$0000000A  c_w.l(__rtentry2.o)
    0x0800034e   0x0800034e   0x00000000   Code   RO         1813    .ARM.Collect$$rtentry$$0000000C  c_w.l(__rtentry2.o)
    0x0800034e   0x0800034e   0x00000008   Code   RO         1814    .ARM.Collect$$rtentry$$0000000D  c_w.l(__rtentry2.o)
    0x08000356   0x08000356   0x00000002   Code   RO         1841    .ARM.Collect$$rtexit$$00000000  c_w.l(rtexit.o)
    0x08000358   0x08000358   0x00000000   Code   RO         1901    .ARM.Collect$$rtexit$$00000002  c_w.l(rtexit2.o)
    0x08000358   0x08000358   0x00000004   Code   RO         1902    .ARM.Collect$$rtexit$$00000003  c_w.l(rtexit2.o)
    0x0800035c   0x0800035c   0x00000006   Code   RO         1903    .ARM.Collect$$rtexit$$00000004  c_w.l(rtexit2.o)
    0x08000362   0x08000362   0x00000002   PAD
    0x08000364   0x08000364   0x00000040   Code   RO            4    .text               startup_stm32h743xx.o
    0x080003a4   0x080003a4   0x000000f0   Code   RO         1786    .text               c_w.l(lludivv7m.o)
    0x08000494   0x08000494   0x0000008a   Code   RO         1788    .text               c_w.l(rt_memcpy_v6.o)
    0x0800051e   0x0800051e   0x00000010   Code   RO         1790    .text               c_w.l(aeabi_memset4.o)
    0x0800052e   0x0800052e   0x0000004e   Code   RO         1794    .text               c_w.l(rt_memclr_w.o)
    0x0800057c   0x0800057c   0x00000006   Code   RO         1796    .text               c_w.l(heapauxi.o)
    0x08000582   0x08000582   0x00000064   Code   RO         1805    .text               c_w.l(rt_memcpy_w.o)
    0x080005e6   0x080005e6   0x0000004a   Code   RO         1824    .text               c_w.l(sys_stackheap_outer.o)
    0x08000630   0x08000630   0x00000012   Code   RO         1826    .text               c_w.l(exit.o)
    0x08000642   0x08000642   0x00000002   PAD
    0x08000644   0x08000644   0x00000008   Code   RO         1838    .text               c_w.l(libspace.o)
    0x0800064c   0x0800064c   0x0000000c   Code   RO         1896    .text               c_w.l(sys_exit.o)
    0x08000658   0x08000658   0x00000002   Code   RO         1919    .text               c_w.l(use_no_semi.o)
    0x0800065a   0x0800065a   0x00000000   Code   RO         1921    .text               c_w.l(indicate_semi.o)
    0x0800065a   0x0800065a   0x00000006   PAD
    0x08000660   0x08000660   0x00000026   Code   RO           11    .text.ADS7951_Init  ads7951.o
    0x08000686   0x08000686   0x00000002   PAD
    0x08000688   0x08000688   0x0000009e   Code   RO           21    .text.ADS7951_ReadAll  ads7951.o
    0x08000726   0x08000726   0x00000002   PAD
    0x08000728   0x08000728   0x000000b0   Code   RO           13    .text.ADS7951_ReadRaw  ads7951.o
    0x080007d8   0x080007d8   0x0000000a   Code   RO           19    .text.ADS7951_U6_ReadAll  ads7951.o
    0x080007e2   0x080007e2   0x00000006   PAD
    0x080007e8   0x080007e8   0x00000016   Code   RO           15    .text.ADS7951_U6_ReadChannel  ads7951.o
    0x080007fe   0x080007fe   0x00000002   PAD
    0x08000800   0x08000800   0x0000000a   Code   RO           23    .text.ADS7951_U8_ReadAll  ads7951.o
    0x0800080a   0x0800080a   0x00000006   PAD
    0x08000810   0x08000810   0x00000016   Code   RO           17    .text.ADS7951_U8_ReadChannel  ads7951.o
    0x08000826   0x08000826   0x00000002   PAD
    0x08000828   0x08000828   0x00000002   Code   RO          289    .text.BusFault_Handler  stm32h7xx_it.o
    0x0800082a   0x0800082a   0x00000006   PAD
    0x08000830   0x08000830   0x00000002   Code   RO          295    .text.DebugMon_Handler  stm32h7xx_it.o
    0x08000832   0x08000832   0x00000006   PAD
    0x08000838   0x08000838   0x0000000a   Code   RO          215    .text.Error_Handler  main.o
    0x08000842   0x08000842   0x00000006   PAD
    0x08000848   0x08000848   0x00000522   Code   RO          734    .text.HAL_DMA_Abort  stm32h7xx_hal_dma.o
    0x08000d6a   0x08000d6a   0x00000006   PAD
    0x08000d70   0x08000d70   0x000002b6   Code   RO          736    .text.HAL_DMA_Abort_IT  stm32h7xx_hal_dma.o
    0x08001026   0x08001026   0x00000002   PAD
    0x08001028   0x08001028   0x00000004   Code   RO          748    .text.HAL_DMA_GetError  stm32h7xx_hal_dma.o
    0x0800102c   0x0800102c   0x00000004   PAD
    0x08001030   0x08001030   0x000001c6   Code   RO          668    .text.HAL_GPIO_Init  stm32h7xx_hal_gpio.o
    0x080011f6   0x080011f6   0x00000002   PAD
    0x080011f8   0x080011f8   0x0000000a   Code   RO          674    .text.HAL_GPIO_WritePin  stm32h7xx_hal_gpio.o
    0x08001202   0x08001202   0x00000006   PAD
    0x08001208   0x08001208   0x0000000e   Code   RO          988    .text.HAL_GetREVID  stm32h7xx_hal.o
    0x08001216   0x08001216   0x00000002   PAD
    0x08001218   0x08001218   0x0000000c   Code   RO          972    .text.HAL_GetTick   stm32h7xx_hal.o
    0x08001224   0x08001224   0x00000004   PAD
    0x08001228   0x08001228   0x0000001a   Code   RO          970    .text.HAL_IncTick   stm32h7xx_hal.o
    0x08001242   0x08001242   0x00000006   PAD
    0x08001248   0x08001248   0x00000064   Code   RO          960    .text.HAL_Init      stm32h7xx_hal.o
    0x080012ac   0x080012ac   0x00000004   PAD
    0x080012b0   0x080012b0   0x000000a8   Code   RO          326    .text.HAL_InitTick  stm32h7xx_hal_timebase_tim.o
    0x08001358   0x08001358   0x00000020   Code   RO          318    .text.HAL_MspInit   stm32h7xx_hal_msp.o
    0x08001378   0x08001378   0x0000002a   Code   RO          347    .text.HAL_NVIC_DisableIRQ  stm32h7xx_hal_cortex.o
    0x080013a2   0x080013a2   0x00000006   PAD
    0x080013a8   0x080013a8   0x00000022   Code   RO          345    .text.HAL_NVIC_EnableIRQ  stm32h7xx_hal_cortex.o
    0x080013ca   0x080013ca   0x00000006   PAD
    0x080013d0   0x080013d0   0x0000005a   Code   RO          343    .text.HAL_NVIC_SetPriority  stm32h7xx_hal_cortex.o
    0x0800142a   0x0800142a   0x00000006   PAD
    0x08001430   0x08001430   0x00000020   Code   RO          341    .text.HAL_NVIC_SetPriorityGrouping  stm32h7xx_hal_cortex.o
    0x08001450   0x08001450   0x0000004c   Code   RO          872    .text.HAL_PWREx_ConfigSupply  stm32h7xx_hal_pwr_ex.o
    0x0800149c   0x0800149c   0x00000004   PAD
    0x080014a0   0x080014a0   0x00000026   Code   RO          555    .text.HAL_RCCEx_GetD3PCLK1Freq  stm32h7xx_hal_rcc_ex.o
    0x080014c6   0x080014c6   0x00000002   PAD
    0x080014c8   0x080014c8   0x0000012c   Code   RO          551    .text.HAL_RCCEx_GetPLL2ClockFreq  stm32h7xx_hal_rcc_ex.o
    0x080015f4   0x080015f4   0x00000004   PAD
    0x080015f8   0x080015f8   0x0000012c   Code   RO          553    .text.HAL_RCCEx_GetPLL3ClockFreq  stm32h7xx_hal_rcc_ex.o
    0x08001724   0x08001724   0x00000004   PAD
    0x08001728   0x08001728   0x00000c30   Code   RO          539    .text.HAL_RCCEx_PeriphCLKConfig  stm32h7xx_hal_rcc_ex.o
    0x08002358   0x08002358   0x00000254   Code   RO          507    .text.HAL_RCC_ClockConfig  stm32h7xx_hal_rcc.o
    0x080025ac   0x080025ac   0x00000004   PAD
    0x080025b0   0x080025b0   0x00000058   Code   RO          525    .text.HAL_RCC_GetClockConfig  stm32h7xx_hal_rcc.o
    0x08002608   0x08002608   0x0000004c   Code   RO          517    .text.HAL_RCC_GetHCLKFreq  stm32h7xx_hal_rcc.o
    0x08002654   0x08002654   0x00000004   PAD
    0x08002658   0x08002658   0x00000060   Code   RO          519    .text.HAL_RCC_GetPCLK1Freq  stm32h7xx_hal_rcc.o
    0x080026b8   0x080026b8   0x00000060   Code   RO          521    .text.HAL_RCC_GetPCLK2Freq  stm32h7xx_hal_rcc.o
    0x08002718   0x08002718   0x00000118   Code   RO          509    .text.HAL_RCC_GetSysClockFreq  stm32h7xx_hal_rcc.o
    0x08002830   0x08002830   0x000004fc   Code   RO          505    .text.HAL_RCC_OscConfig  stm32h7xx_hal_rcc.o
    0x08002d2c   0x08002d2c   0x00000004   PAD
    0x08002d30   0x08002d30   0x0000016e   Code   RO          389    .text.HAL_SPI_Init  stm32h7xx_hal_spi.o
    0x08002e9e   0x08002e9e   0x00000002   PAD
    0x08002ea0   0x08002ea0   0x00000156   Code   RO          244    .text.HAL_SPI_MspInit  spi.o
    0x08002ff6   0x08002ff6   0x00000002   PAD
    0x08002ff8   0x08002ff8   0x000003da   Code   RO          403    .text.HAL_SPI_TransmitReceive  stm32h7xx_hal_spi.o
    0x080033d2   0x080033d2   0x00000006   PAD
    0x080033d8   0x080033d8   0x00000002   Code   RO         1585    .text.HAL_TIMEx_Break2Callback  stm32h7xx_hal_tim_ex.o
    0x080033da   0x080033da   0x00000006   PAD
    0x080033e0   0x080033e0   0x00000002   Code   RO         1583    .text.HAL_TIMEx_BreakCallback  stm32h7xx_hal_tim_ex.o
    0x080033e2   0x080033e2   0x00000006   PAD
    0x080033e8   0x080033e8   0x00000002   Code   RO         1579    .text.HAL_TIMEx_CommutCallback  stm32h7xx_hal_tim_ex.o
    0x080033ea   0x080033ea   0x00000006   PAD
    0x080033f0   0x080033f0   0x00000060   Code   RO         1272    .text.HAL_TIM_Base_Init  stm32h7xx_hal_tim.o
    0x08003450   0x08003450   0x00000002   Code   RO         1274    .text.HAL_TIM_Base_MspInit  stm32h7xx_hal_tim.o
    0x08003452   0x08003452   0x00000006   PAD
    0x08003458   0x08003458   0x00000040   Code   RO         1286    .text.HAL_TIM_Base_Start_IT  stm32h7xx_hal_tim.o
    0x08003498   0x08003498   0x00000002   Code   RO         1408    .text.HAL_TIM_IC_CaptureCallback  stm32h7xx_hal_tim.o
    0x0800349a   0x0800349a   0x00000006   PAD
    0x080034a0   0x080034a0   0x0000018c   Code   RO         1406    .text.HAL_TIM_IRQHandler  stm32h7xx_hal_tim.o
    0x0800362c   0x0800362c   0x00000004   PAD
    0x08003630   0x08003630   0x00000002   Code   RO         1410    .text.HAL_TIM_OC_DelayElapsedCallback  stm32h7xx_hal_tim.o
    0x08003632   0x08003632   0x00000006   PAD
    0x08003638   0x08003638   0x00000002   Code   RO         1412    .text.HAL_TIM_PWM_PulseFinishedCallback  stm32h7xx_hal_tim.o
    0x0800363a   0x0800363a   0x00000006   PAD
    0x08003640   0x08003640   0x00000014   Code   RO          217    .text.HAL_TIM_PeriodElapsedCallback  main.o
    0x08003654   0x08003654   0x00000004   PAD
    0x08003658   0x08003658   0x00000002   Code   RO         1416    .text.HAL_TIM_TriggerCallback  stm32h7xx_hal_tim.o
    0x0800365a   0x0800365a   0x00000006   PAD
    0x08003660   0x08003660   0x00000036   Code   RO         1756    .text.HAL_UARTEx_DisableFifoMode  stm32h7xx_hal_uart_ex.o
    0x08003696   0x08003696   0x00000002   PAD
    0x08003698   0x08003698   0x00000002   Code   RO         1742    .text.HAL_UARTEx_RxFifoFullCallback  stm32h7xx_hal_uart_ex.o
    0x0800369a   0x0800369a   0x00000006   PAD
    0x080036a0   0x080036a0   0x0000008c   Code   RO         1760    .text.HAL_UARTEx_SetRxFifoThreshold  stm32h7xx_hal_uart_ex.o
    0x0800372c   0x0800372c   0x00000004   PAD
    0x08003730   0x08003730   0x0000008c   Code   RO         1758    .text.HAL_UARTEx_SetTxFifoThreshold  stm32h7xx_hal_uart_ex.o
    0x080037bc   0x080037bc   0x00000004   PAD
    0x080037c0   0x080037c0   0x00000002   Code   RO         1744    .text.HAL_UARTEx_TxFifoEmptyCallback  stm32h7xx_hal_uart_ex.o
    0x080037c2   0x080037c2   0x00000006   PAD
    0x080037c8   0x080037c8   0x00000002   Code   RO         1740    .text.HAL_UARTEx_WakeupCallback  stm32h7xx_hal_uart_ex.o
    0x080037ca   0x080037ca   0x00000006   PAD
    0x080037d0   0x080037d0   0x000000b2   Code   RO         1665    .text.HAL_UART_Abort  stm32h7xx_hal_uart.o
    0x08003882   0x08003882   0x00000006   PAD
    0x08003888   0x08003888   0x00000056   Code   RO          106    .text.HAL_UART_AbortReceiveCpltCallback  rs422.o
    0x080038de   0x080038de   0x00000002   PAD
    0x080038e0   0x080038e0   0x0000007e   Code   RO         1685    .text.HAL_UART_AbortReceive_IT  stm32h7xx_hal_uart.o
    0x0800395e   0x0800395e   0x00000002   PAD
    0x08003960   0x08003960   0x00000050   Code   RO          104    .text.HAL_UART_ErrorCallback  rs422.o
    0x080039b0   0x080039b0   0x00000006   Code   RO         1725    .text.HAL_UART_GetError  stm32h7xx_hal_uart.o
    0x080039b6   0x080039b6   0x00000002   PAD
    0x080039b8   0x080039b8   0x00000208   Code   RO         1691    .text.HAL_UART_IRQHandler  stm32h7xx_hal_uart.o
    0x08003bc0   0x08003bc0   0x00000062   Code   RO         1599    .text.HAL_UART_Init  stm32h7xx_hal_uart.o
    0x08003c22   0x08003c22   0x00000006   PAD
    0x08003c28   0x08003c28   0x0000016c   Code   RO          267    .text.HAL_UART_MspInit  usart.o
    0x08003d94   0x08003d94   0x00000004   PAD
    0x08003d98   0x08003d98   0x0000010a   Code   RO         1635    .text.HAL_UART_Receive_IT  stm32h7xx_hal_uart.o
    0x08003ea2   0x08003ea2   0x00000006   PAD
    0x08003ea8   0x08003ea8   0x0000009a   Code   RO          102    .text.HAL_UART_RxCpltCallback  rs422.o
    0x08003f42   0x08003f42   0x00000006   PAD
    0x08003f48   0x08003f48   0x000000d8   Code   RO         1619    .text.HAL_UART_Transmit  stm32h7xx_hal_uart.o
    0x08004020   0x08004020   0x000000aa   Code   RO         1625    .text.HAL_UART_Transmit_IT  stm32h7xx_hal_uart.o
    0x080040ca   0x080040ca   0x00000006   PAD
    0x080040d0   0x080040d0   0x0000004c   Code   RO          100    .text.HAL_UART_TxCpltCallback  rs422.o
    0x0800411c   0x0800411c   0x00000004   PAD
    0x08004120   0x08004120   0x00000002   Code   RO          285    .text.HardFault_Handler  stm32h7xx_it.o
    0x08004122   0x08004122   0x00000006   PAD
    0x08004128   0x08004128   0x000001c0   Code   RO          180    .text.HostComm_Init  host_comm.o
    0x080042e8   0x080042e8   0x000005f6   Code   RO          182    .text.HostComm_Poll  host_comm.o
    0x080048de   0x080048de   0x00000002   PAD
    0x080048e0   0x080048e0   0x0000041c   Code   RO          186    .text.HostComm_SendPortStatsIfEnabled  host_comm.o
    0x08004cfc   0x08004cfc   0x00000004   PAD
    0x08004d00   0x08004d00   0x0000003a   Code   RO          194    .text.HostComm_UART_AbortReceiveCpltCallback  host_comm.o
    0x08004d3a   0x08004d3a   0x00000006   PAD
    0x08004d40   0x08004d40   0x00000052   Code   RO          192    .text.HostComm_UART_ErrorCallback  host_comm.o
    0x08004d92   0x08004d92   0x00000006   PAD
    0x08004d98   0x08004d98   0x00000186   Code   RO          190    .text.HostComm_UART_RxCpltCallback  host_comm.o
    0x08004f1e   0x08004f1e   0x00000002   PAD
    0x08004f20   0x08004f20   0x00000144   Code   RO          229    .text.MX_GPIO_Init  gpio.o
    0x08005064   0x08005064   0x00000004   PAD
    0x08005068   0x08005068   0x0000005e   Code   RO          238    .text.MX_SPI2_Init  spi.o
    0x080050c6   0x080050c6   0x00000002   PAD
    0x080050c8   0x080050c8   0x0000005e   Code   RO          240    .text.MX_SPI3_Init  spi.o
    0x08005126   0x08005126   0x00000002   PAD
    0x08005128   0x08005128   0x00000058   Code   RO          242    .text.MX_SPI4_Init  spi.o
    0x08005180   0x08005180   0x0000007c   Code   RO          265    .text.MX_UART7_Init  usart.o
    0x080051fc   0x080051fc   0x00000004   PAD
    0x08005200   0x08005200   0x0000007c   Code   RO          259    .text.MX_USART1_UART_Init  usart.o
    0x0800527c   0x0800527c   0x00000004   PAD
    0x08005280   0x08005280   0x0000007c   Code   RO          261    .text.MX_USART2_UART_Init  usart.o
    0x080052fc   0x080052fc   0x00000004   PAD
    0x08005300   0x08005300   0x0000007c   Code   RO          263    .text.MX_USART3_UART_Init  usart.o
    0x0800537c   0x0800537c   0x00000004   PAD
    0x08005380   0x08005380   0x00000002   Code   RO          287    .text.MemManage_Handler  stm32h7xx_it.o
    0x08005382   0x08005382   0x00000006   PAD
    0x08005388   0x08005388   0x00000002   Code   RO          283    .text.NMI_Handler   stm32h7xx_it.o
    0x0800538a   0x0800538a   0x00000006   PAD
    0x08005390   0x08005390   0x00000002   Code   RO          297    .text.PendSV_Handler  stm32h7xx_it.o
    0x08005392   0x08005392   0x00000006   PAD
    0x08005398   0x08005398   0x00000122   Code   RO          541    .text.RCCEx_PLL2_Config  stm32h7xx_hal_rcc_ex.o
    0x080054ba   0x080054ba   0x00000006   PAD
    0x080054c0   0x080054c0   0x00000122   Code   RO          543    .text.RCCEx_PLL3_Config  stm32h7xx_hal_rcc_ex.o
    0x080055e2   0x080055e2   0x00000006   PAD
    0x080055e8   0x080055e8   0x00000038   Code   RO           86    .text.RS422_Available  rs422.o
    0x08005620   0x08005620   0x0000002a   Code   RO           90    .text.RS422_ClearRx  rs422.o
    0x0800564a   0x0800564a   0x00000006   PAD
    0x08005650   0x08005650   0x000000cc   Code   RO           62    .text.RS422_Init    rs422.o
    0x0800571c   0x0800571c   0x00000004   PAD
    0x08005720   0x08005720   0x000000c0   Code   RO           72    .text.RS422_KickTx  rs422.o
    0x080057e0   0x080057e0   0x00000046   Code   RO          134    .text.RS422_ProtocolClearStats  rs422_protocol.o
    0x08005826   0x08005826   0x00000002   PAD
    0x08005828   0x08005828   0x00000338   Code   RO          132    .text.RS422_ProtocolPoll  rs422_protocol.o
    0x08005b60   0x08005b60   0x0000015c   Code   RO          126    .text.RS422_ProtocolSend  rs422_protocol.o
    0x08005cbc   0x08005cbc   0x00000004   PAD
    0x08005cc0   0x08005cc0   0x00000086   Code   RO           88    .text.RS422_Read    rs422.o
    0x08005d46   0x08005d46   0x00000002   PAD
    0x08005d48   0x08005d48   0x00000170   Code   RO           78    .text.RS422_SetBaudRate  rs422.o
    0x08005eb8   0x08005eb8   0x000001dc   Code   RO           74    .text.RS422_Transmit  rs422.o
    0x08006094   0x08006094   0x00000004   PAD
    0x08006098   0x08006098   0x000002b8   Code   RO           64    .text.RS422_UpdateBaudDiagnostics  rs422.o
    0x08006350   0x08006350   0x000000d0   Code   RO          399    .text.SPI_CloseTransfer  stm32h7xx_hal_spi.o
    0x08006420   0x08006420   0x0000003e   Code   RO           39    .text.SSI422_Init   ssi422.o
    0x0800645e   0x0800645e   0x00000002   PAD
    0x08006460   0x08006460   0x000000da   Code   RO           43    .text.SSI422_ReadBits  ssi422.o
    0x0800653a   0x0800653a   0x00000006   PAD
    0x08006540   0x08006540   0x0000000e   Code   RO           49    .text.SSI422_U16_ReadBits  ssi422.o
    0x0800654e   0x0800654e   0x00000002   PAD
    0x08006550   0x08006550   0x0000000e   Code   RO           51    .text.SSI422_U18_ReadBits  ssi422.o
    0x0800655e   0x0800655e   0x00000002   PAD
    0x08006560   0x08006560   0x00000002   Code   RO          293    .text.SVC_Handler   stm32h7xx_it.o
    0x08006562   0x08006562   0x00000006   PAD
    0x08006568   0x08006568   0x00000002   Code   RO          299    .text.SysTick_Handler  stm32h7xx_it.o
    0x0800656a   0x0800656a   0x00000006   PAD
    0x08006570   0x08006570   0x0000010c   Code   RO          213    .text.SystemClock_Config  main.o
    0x0800667c   0x0800667c   0x00000004   PAD
    0x08006680   0x08006680   0x000000da   Code   RO         1771    .text.SystemInit    system_stm32h7xx.o
    0x0800675a   0x0800675a   0x00000006   PAD
    0x08006760   0x08006760   0x0000000c   Code   RO          301    .text.TIM6_DAC_IRQHandler  stm32h7xx_it.o
    0x0800676c   0x0800676c   0x00000004   PAD
    0x08006770   0x08006770   0x0000014c   Code   RO         1276    .text.TIM_Base_SetConfig  stm32h7xx_hal_tim.o
    0x080068bc   0x080068bc   0x00000004   PAD
    0x080068c0   0x080068c0   0x0000000c   Code   RO          309    .text.UART7_IRQHandler  stm32h7xx_it.o
    0x080068cc   0x080068cc   0x00000004   PAD
    0x080068d0   0x080068d0   0x000000e0   Code   RO         1605    .text.UART_AdvFeatureConfig  stm32h7xx_hal_uart.o
    0x080069b0   0x080069b0   0x000000e8   Code   RO         1607    .text.UART_CheckIdleState  stm32h7xx_hal_uart.o
    0x08006a98   0x08006a98   0x00000010   Code   RO         1693    .text.UART_DMAAbortOnError  stm32h7xx_hal_uart.o
    0x08006aa8   0x08006aa8   0x00000020   Code   RO         1687    .text.UART_DMARxOnlyAbortCallback  stm32h7xx_hal_uart.o
    0x08006ac8   0x08006ac8   0x0000005a   Code   RO         1641    .text.UART_RxISR_16BIT  stm32h7xx_hal_uart.o
    0x08006b22   0x08006b22   0x00000006   PAD
    0x08006b28   0x08006b28   0x000000a8   Code   RO         1637    .text.UART_RxISR_16BIT_FIFOEN  stm32h7xx_hal_uart.o
    0x08006bd0   0x08006bd0   0x0000005a   Code   RO         1643    .text.UART_RxISR_8BIT  stm32h7xx_hal_uart.o
    0x08006c2a   0x08006c2a   0x00000006   PAD
    0x08006c30   0x08006c30   0x000000ac   Code   RO         1639    .text.UART_RxISR_8BIT_FIFOEN  stm32h7xx_hal_uart.o
    0x08006cdc   0x08006cdc   0x00000004   PAD
    0x08006ce0   0x08006ce0   0x00000478   Code   RO         1603    .text.UART_SetConfig  stm32h7xx_hal_uart.o
    0x08007158   0x08007158   0x00000040   Code   RO         1631    .text.UART_TxISR_16BIT  stm32h7xx_hal_uart.o
    0x08007198   0x08007198   0x00000066   Code   RO         1627    .text.UART_TxISR_16BIT_FIFOEN  stm32h7xx_hal_uart.o
    0x080071fe   0x080071fe   0x00000002   PAD
    0x08007200   0x08007200   0x0000003c   Code   RO         1633    .text.UART_TxISR_8BIT  stm32h7xx_hal_uart.o
    0x0800723c   0x0800723c   0x00000004   PAD
    0x08007240   0x08007240   0x00000062   Code   RO         1629    .text.UART_TxISR_8BIT_FIFOEN  stm32h7xx_hal_uart.o
    0x080072a2   0x080072a2   0x00000006   PAD
    0x080072a8   0x080072a8   0x000000f2   Code   RO         1621    .text.UART_WaitOnFlagUntilTimeout  stm32h7xx_hal_uart.o
    0x0800739a   0x0800739a   0x00000006   PAD
    0x080073a0   0x080073a0   0x0000000c   Code   RO          303    .text.USART1_IRQHandler  stm32h7xx_it.o
    0x080073ac   0x080073ac   0x00000004   PAD
    0x080073b0   0x080073b0   0x0000000c   Code   RO          305    .text.USART2_IRQHandler  stm32h7xx_it.o
    0x080073bc   0x080073bc   0x00000004   PAD
    0x080073c0   0x080073c0   0x0000000c   Code   RO          307    .text.USART3_IRQHandler  stm32h7xx_it.o
    0x080073cc   0x080073cc   0x00000004   PAD
    0x080073d0   0x080073d0   0x00000002   Code   RO          291    .text.UsageFault_Handler  stm32h7xx_it.o
    0x080073d2   0x080073d2   0x00000006   PAD
    0x080073d8   0x080073d8   0x00000196   Code   RO          211    .text.main          main.o
    0x0800756e   0x0800756e   0x0000001a   Code   RO         1913    x$fpl$fpinit        fz_wv.l(fpinit.o)
    0x08007588   0x08007588   0x00000006   Data   RO         1728    .rodata..Lswitch.table.UART_SetConfig.5  stm32h7xx_hal_uart.o
    0x0800758e   0x0800758e   0x00000006   Data   RO         1729    .rodata..Lswitch.table.UART_SetConfig.7  stm32h7xx_hal_uart.o
    0x08007594   0x08007594   0x00000010   Data   RO         1775    .rodata.D1CorePrescTable  system_stm32h7xx.o
    0x080075a4   0x080075a4   0x00000018   Data   RO         1727    .rodata.UARTPrescTable  stm32h7xx_hal_uart.o
    0x080075bc   0x080075bc   0x00000010   Data   RO         1762    .rodata.cst8        stm32h7xx_hal_uart_ex.o
    0x080075cc   0x080075cc   0x00000020   Data   RO          108    .rodata.rs422_config  rs422.o
    0x080075ec   0x080075ec   0x00000028   Data   RO           53    .rodata.ssi422_config  ssi422.o
    0x08007614   0x08007614   0x00000020   Data   RO         1974    Region$$Table       anon$$obj.o


    Execution Region RW_IRAM1 (Exec base: 0x20000000, Load base: 0x08007634, Size: 0x00000000, Max: 0x00020000, ABSOLUTE)

    **** No section assigned to this execution region ****


    Execution Region RW_IRAM2 (Exec base: 0x24000000, Load base: 0x08007638, Size: 0x00001e58, Max: 0x00080000, ABSOLUTE)

    Exec Addr    Load Addr    Size         Type   Attr      Idx    E Section Name        Object

    0x24000000   0x08007638   0x00000014   Data   RW          201    .data..L_MergedGlobals  host_comm.o
    0x24000014   0x0800764c   0x00000008   Data   RW         1065    .data..L_MergedGlobals  stm32h7xx_hal.o
    0x2400001c   0x08007654   0x00000008   Data   RW         1776    .data..L_MergedGlobals  system_stm32h7xx.o
    0x24000024   0x0800765c   0x00000004   PAD
    0x24000028        -       0x00000060   Zero   RW         1839    .bss                c_w.l(libspace.o)
    0x24000088        -       0x00000078   Zero   RW          111    .bss..L_MergedGlobals  rs422.o
    0x24000100        -       0x00000030   Zero   RW          139    .bss..L_MergedGlobals  rs422_protocol.o
    0x24000130        -       0x00000030   Zero   RW          220    .bss..L_MergedGlobals  main.o
    0x24000160        -       0x0000003c   Zero   RW          202    .bss..L_MergedGlobals.4  host_comm.o
    0x2400019c        -       0x00000404   Zero   RW          198    .bss.host_comm_ctx  host_comm.o
    0x240005a0        -       0x000003fe   Zero   RW          196    .bss.host_comm_pending_frame  host_comm.o
    0x2400099e   0x0800765c   0x00000002   PAD
    0x240009a0        -       0x0000010a   Zero   RW          197    .bss.host_comm_rs422_packet  host_comm.o
    0x24000aaa        -       0x00000080   Zero   RW          199    .bss.host_comm_rs422_test_data  host_comm.o
    0x24000b2a   0x0800765c   0x00000002   PAD
    0x24000b2c        -       0x00000088   Zero   RW          248    .bss.hspi2          spi.o
    0x24000bb4        -       0x00000088   Zero   RW          249    .bss.hspi3          spi.o
    0x24000c3c        -       0x00000088   Zero   RW          250    .bss.hspi4          spi.o
    0x24000cc4        -       0x0000004c   Zero   RW          332    .bss.htim6          stm32h7xx_hal_timebase_tim.o
    0x24000d10        -       0x0000008c   Zero   RW          271    .bss.huart1         usart.o
    0x24000d9c        -       0x0000008c   Zero   RW          272    .bss.huart2         usart.o
    0x24000e28        -       0x0000008c   Zero   RW          273    .bss.huart3         usart.o
    0x24000eb4        -       0x0000008c   Zero   RW          274    .bss.huart7         usart.o
    0x24000f40        -       0x00000114   Zero   RW          138    .bss.rs422_protocol_parser  rs422_protocol.o
    0x24001054        -       0x00000400   Zero   RW          110    .bss.rs422_rx_buffer  rs422.o
    0x24001454        -       0x00000400   Zero   RW          109    .bss.rs422_tx_buffer  rs422.o
    0x24001854        -       0x00000004   Zero   RW         1064    .bss.uwTick         stm32h7xx_hal.o
    0x24001858        -       0x00000200   Zero   RW            2    HEAP                startup_stm32h743xx.o
    0x24001a58        -       0x00000400   Zero   RW            1    STACK               startup_stm32h743xx.o


==============================================================================

Image component sizes


      Code (inc. data)   RO Data    RW Data    ZI Data      Debug   Object Name

       436          0          0          0          0       4812   ads7951.o
       324          0          0          0          0       3103   gpio.o
      3556        148          0         20       2504      22279   host_comm.o
       704          0          0          0         48      10475   main.o
      2564         74         32          0       2168      26535   rs422.o
      1242          0          0          0        324      13351   rs422_protocol.o
       618          0          0          0        408       7259   spi.o
       308          0         40          0          0       8547   ssi422.o
        64         26        664          0       1536        840   startup_stm32h743xx.o
       152          0          0          8          4      15418   stm32h7xx_hal.o
       198          0          0          0          0      12213   stm32h7xx_hal_cortex.o
      2012          0          0          0          0      18047   stm32h7xx_hal_dma.o
       464          0          0          0          0       6956   stm32h7xx_hal_gpio.o
        32          0          0          0          0       2214   stm32h7xx_hal_msp.o
        76          0          0          0          0      10425   stm32h7xx_hal_pwr_ex.o
      2508         16          0          0          0      11562   stm32h7xx_hal_rcc.o
      4338        174          0          0          0      19193   stm32h7xx_hal_rcc_ex.o
      1560          0          0          0          0      23684   stm32h7xx_hal_spi.o
       898          0          0          0          0      63489   stm32h7xx_hal_tim.o
         6          0          0          0          0      24161   stm32h7xx_hal_tim_ex.o
       168          0          0          0         76       9772   stm32h7xx_hal_timebase_tim.o
      4314        332         36          0          0      27449   stm32h7xx_hal_uart.o
       340          0         16          0          0       8717   stm32h7xx_hal_uart_ex.o
        78          0          0          0          0       6737   stm32h7xx_it.o
       218          0         16          8          0       5880   system_stm32h7xx.o
       860          0          0          0        560      10795   usart.o

    ----------------------------------------------------------------------
     28494        778        836         36       7636     373913   Object Totals
         0          0         32          0          0          0   (incl. Generated)
       456          8          0          0          8          0   (incl. Padding)

    ----------------------------------------------------------------------

      Code (inc. data)   RO Data    RW Data    ZI Data      Debug   Library Member Name

         8          0          0          0          0         68   __main.o
         0          0          0          0          0          0   __rtentry.o
        12          0          0          0          0          0   __rtentry2.o
         6          0          0          0          0          0   __rtentry4.o
        94          8          0          0          0          0   __scatter.o
        26          0          0          0          0          0   __scatter_copy.o
        28          0          0          0          0          0   __scatter_zi.o
        16          0          0          0          0         68   aeabi_memset4.o
        18          0          0          0          0         80   exit.o
         6          0          0          0          0        152   heapauxi.o
         0          0          0          0          0          0   indicate_semi.o
         2          0          0          0          0          0   libinit.o
         6          0          0          0          0          0   libinit2.o
         2          0          0          0          0          0   libshutdown.o
         2          0          0          0          0          0   libshutdown2.o
         8          4          0          0         96         68   libspace.o
       240          0          0          0          0        100   lludivv7m.o
        78          0          0          0          0         80   rt_memclr_w.o
       138          0          0          0          0         68   rt_memcpy_v6.o
       100          0          0          0          0         80   rt_memcpy_w.o
         2          0          0          0          0          0   rtexit.o
        10          0          0          0          0          0   rtexit2.o
        12          4          0          0          0         68   sys_exit.o
        74          0          0          0          0         80   sys_stackheap_outer.o
         2          0          0          0          0         68   use_no_semi.o
        26          0          0          0          0        116   fpinit.o

    ----------------------------------------------------------------------
       930         16          0          0         96       1096   Library Totals
        14          0          0          0          0          0   (incl. Padding)

    ----------------------------------------------------------------------

      Code (inc. data)   RO Data    RW Data    ZI Data      Debug   Library Name

       890         16          0          0         96        980   c_w.l
        26          0          0          0          0        116   fz_wv.l

    ----------------------------------------------------------------------
       930         16          0          0         96       1096   Library Totals

    ----------------------------------------------------------------------

==============================================================================


      Code (inc. data)   RO Data    RW Data    ZI Data      Debug   

     29424        794        836         36       7732     374181   Grand Totals
     29424        794        836         36       7732     374181   ELF Image Totals
     29424        794        836         36          0          0   ROM Totals

==============================================================================

    Total RO  Size (Code + RO Data)                30260 (  29.55kB)
    Total RW  Size (RW Data + ZI Data)              7768 (   7.59kB)
    Total ROM Size (Code + RO Data + RW Data)      30296 (  29.59kB)

==============================================================================

